Component: ARM Compiler 5.06 update 7 (build 960) Tool: armlink [4d3601]

==============================================================================

Section Cross References

    gpio.o(.text) refers to utils.o(.text) for SysTick_Wait1ms
    main.o(DATA) refers (Special) to leds.o(.text) for Led
    main.o(DATA) refers (Special) to transistors.o(.text) for Turn0ff_TransistorQ1
    main.o(.text) refers (Special) to leds.o(.text) for Led
    main.o(.text) refers (Special) to transistors.o(.text) for Turn0ff_TransistorQ1
    main.o(.text) refers to utils.o(.text) for PLL_Init
    main.o(.text) refers to gpio.o(.text) for GPIO_Init
    main.o(.text) refers to lcd.o(.text) for Lcd_Init
    main.o(.text) refers to estados.o(.text) for CofreAberto
    startup.o(RESET) refers to startup.o(STACK) for StackMem
    startup.o(RESET) refers to gpio.o(.text) for GPIOPortJ_Handler
    startup.o(RESET) refers to main.o(.text) for Start
    transistors.o(.text) refers to gpio.o(.text) for PortP_Output
    leds.o(.text) refers to transistors.o(.text) for Turn0n_TransistorQ1
    leds.o(.text) refers to utils.o(.text) for SysTick_Wait1ms
    leds.o(.text) refers to gpio.o(.text) for PortA_Output
    estados.o(.text) refers to lcd.o(.text) for LcdMsgCofreAberto
    estados.o(.text) refers to senha.o(.text) for SetaSenha
    estados.o(.text) refers to utils.o(.text) for SysTick_Wait1ms
    estados.o(.text) refers to leds.o(.text) for Led
    lcd.o(.text) refers to gpio.o(.text) for PortK_Output
    lcd.o(.text) refers to utils.o(.text) for SysTick_Wait1us
    lcd.o(.text) refers to lcd.o(DATA) for strAberto
    teclado.o(.text) refers to gpio.o(.text) for Teclado_ConfiguraLeituraPrimeiraColuna
    teclado.o(.text) refers to utils.o(.text) for SysTick_Wait1ms
    senha.o(.text) refers to teclado.o(.text) for Teclado_PegarTeclaPressionada
    senha.o(.text) refers to utils.o(.text) for SysTick_Wait1ms


==============================================================================

Removing Unused input sections from the image.

    Removing main.o(DATA), (0 bytes).
    Removing startup.o(HEAP), (0 bytes).
    Removing startup.o(.text), (28 bytes).
    Removing senha.o(DATA), (0 bytes).

4 unused section(s) (total 28 bytes) removed from the image.

==============================================================================

Image Symbol Table

    Local Symbols

    Symbol Name                              Value     Ov Type        Size  Object(Section)

    RESET                                    0x00000000   Section      544  startup.o(RESET)
    estados.s                                0x00000000   Number         0  estados.o ABSOLUTE
    gpio.s                                   0x00000000   Number         0  gpio.o ABSOLUTE
    lcd.s                                    0x00000000   Number         0  lcd.o ABSOLUTE
    leds.s                                   0x00000000   Number         0  leds.o ABSOLUTE
    main.s                                   0x00000000   Number         0  main.o ABSOLUTE
    senha.s                                  0x00000000   Number         0  senha.o ABSOLUTE
    startup.s                                0x00000000   Number         0  startup.o ABSOLUTE
    teclado.s                                0x00000000   Number         0  teclado.o ABSOLUTE
    transistors.s                            0x00000000   Number         0  transistors.o ABSOLUTE
    utils.s                                  0x00000000   Number         0  utils.o ABSOLUTE
    $v0                                      0x00000208   Number         0  startup.o(RESET)
    .text                                    0x00000220   Section      856  gpio.o(.text)
    $v0                                      0x00000220   Number         0  gpio.o(.text)
    .text                                    0x00000578   Section      100  main.o(.text)
    $v0                                      0x00000578   Number         0  main.o(.text)
    .text                                    0x000005dc   Section      484  utils.o(.text)
    $v0                                      0x000005dc   Number         0  utils.o(.text)
    .text                                    0x000007c0   Section       32  transistors.o(.text)
    $v0                                      0x000007c0   Number         0  transistors.o(.text)
    .text                                    0x000007e0   Section       52  leds.o(.text)
    $v0                                      0x000007e0   Number         0  leds.o(.text)
    .text                                    0x00000814   Section      220  estados.o(.text)
    $v0                                      0x00000814   Number         0  estados.o(.text)
    .text                                    0x000008f0   Section      340  lcd.o(.text)
    $v0                                      0x000008f0   Number         0  lcd.o(.text)
    .text                                    0x00000a44   Section      396  teclado.o(.text)
    $v0                                      0x00000a44   Number         0  teclado.o(.text)
    .text                                    0x00000bd0   Section      224  senha.o(.text)
    $v0                                      0x00000bd0   Number         0  senha.o(.text)
    DATA                                     0x00000cb0   Section      140  lcd.o(DATA)
    strAberto                                0x00000cb0   Data          78  lcd.o(DATA)
    strFechando                              0x00000cfe   Data          17  lcd.o(DATA)
    strFechado                               0x00000d0f   Data          14  lcd.o(DATA)
    strAbrindo                               0x00000d1d   Data          17  lcd.o(DATA)
    strTravado                               0x00000d2e   Data          14  lcd.o(DATA)
    STACK                                    0x20000000   Section     1024  startup.o(STACK)
    StackMem                                 0x20000000   Data           0  startup.o(STACK)

    Global Symbols

    Symbol Name                              Value     Ov Type        Size  Object(Section)

    BuildAttributes$$THM_ISAv4$E$P$D$K$B$S$7EM$VFPi3$EXTD16$VFPS$VFMA$PE$A:L22UL41UL21$X:L11$S22US41US21$IEEE1$IW$USESV6$~STKCKD$USESV7$~SHL$OSPACE$EBA8$STANDARDLIB$EABIv2 0x00000000   Number         0  anon$$obj.o ABSOLUTE
    __Vectors                                0x00000000   Data           0  startup.o(RESET)
    Reset_Handler                            0x00000209   Thumb Code     0  startup.o(RESET)
    NMI_Handler                              0x0000020d   Thumb Code     2  startup.o(RESET)
    HardFault_Handler                        0x0000020f   Thumb Code     2  startup.o(RESET)
    MemManage_Handler                        0x00000211   Thumb Code     2  startup.o(RESET)
    BusFault_Handler                         0x00000213   Thumb Code     2  startup.o(RESET)
    UsageFault_Handler                       0x00000215   Thumb Code     2  startup.o(RESET)
    SVC_Handler                              0x00000217   Thumb Code     2  startup.o(RESET)
    DebugMon_Handler                         0x00000219   Thumb Code     2  startup.o(RESET)
    PendSV_Handler                           0x0000021b   Thumb Code     2  startup.o(RESET)
    SysTick_Handler                          0x0000021d   Thumb Code     2  startup.o(RESET)
    ADC0Seq0_Handler                         0x0000021f   Thumb Code     0  startup.o(RESET)
    ADC0Seq1_Handler                         0x0000021f   Thumb Code     0  startup.o(RESET)
    ADC0Seq2_Handler                         0x0000021f   Thumb Code     0  startup.o(RESET)
    ADC0Seq3_Handler                         0x0000021f   Thumb Code     0  startup.o(RESET)
    ADC1Seq0_Handler                         0x0000021f   Thumb Code     0  startup.o(RESET)
    ADC1Seq1_Handler                         0x0000021f   Thumb Code     0  startup.o(RESET)
    ADC1Seq2_Handler                         0x0000021f   Thumb Code     0  startup.o(RESET)
    ADC1Seq3_Handler                         0x0000021f   Thumb Code     0  startup.o(RESET)
    CAN0_Handler                             0x0000021f   Thumb Code     0  startup.o(RESET)
    CAN1_Handler                             0x0000021f   Thumb Code     0  startup.o(RESET)
    Comp0_Handler                            0x0000021f   Thumb Code     0  startup.o(RESET)
    Comp1_Handler                            0x0000021f   Thumb Code     0  startup.o(RESET)
    Comp2_Handler                            0x0000021f   Thumb Code     0  startup.o(RESET)
    Ethernet_Handler                         0x0000021f   Thumb Code     0  startup.o(RESET)
    ExtBus_Handler                           0x0000021f   Thumb Code     0  startup.o(RESET)
    FPU_Handler                              0x0000021f   Thumb Code     0  startup.o(RESET)
    FlashCtl_Handler                         0x0000021f   Thumb Code     0  startup.o(RESET)
    GPIOPortA_Handler                        0x0000021f   Thumb Code     0  startup.o(RESET)
    GPIOPortB_Handler                        0x0000021f   Thumb Code     0  startup.o(RESET)
    GPIOPortC_Handler                        0x0000021f   Thumb Code     0  startup.o(RESET)
    GPIOPortD_Handler                        0x0000021f   Thumb Code     0  startup.o(RESET)
    GPIOPortE_Handler                        0x0000021f   Thumb Code     0  startup.o(RESET)
    GPIOPortF_Handler                        0x0000021f   Thumb Code     0  startup.o(RESET)
    GPIOPortG_Handler                        0x0000021f   Thumb Code     0  startup.o(RESET)
    GPIOPortH_Handler                        0x0000021f   Thumb Code     0  startup.o(RESET)
    GPIOPortK_Handler                        0x0000021f   Thumb Code     0  startup.o(RESET)
    GPIOPortL_Handler                        0x0000021f   Thumb Code     0  startup.o(RESET)
    GPIOPortM_Handler                        0x0000021f   Thumb Code     0  startup.o(RESET)
    GPIOPortN_Handler                        0x0000021f   Thumb Code     0  startup.o(RESET)
    GPIOPortP1_Handler                       0x0000021f   Thumb Code     0  startup.o(RESET)
    GPIOPortP2_Handler                       0x0000021f   Thumb Code     0  startup.o(RESET)
    GPIOPortP3_Handler                       0x0000021f   Thumb Code     0  startup.o(RESET)
    GPIOPortP4_Handler                       0x0000021f   Thumb Code     0  startup.o(RESET)
    GPIOPortP5_Handler                       0x0000021f   Thumb Code     0  startup.o(RESET)
    GPIOPortP6_Handler                       0x0000021f   Thumb Code     0  startup.o(RESET)
    GPIOPortP7_Handler                       0x0000021f   Thumb Code     0  startup.o(RESET)
    GPIOPortP_Handler                        0x0000021f   Thumb Code     0  startup.o(RESET)
    GPIOPortQ1_Handler                       0x0000021f   Thumb Code     0  startup.o(RESET)
    GPIOPortQ2_Handler                       0x0000021f   Thumb Code     0  startup.o(RESET)
    GPIOPortQ3_Handler                       0x0000021f   Thumb Code     0  startup.o(RESET)
    GPIOPortQ4_Handler                       0x0000021f   Thumb Code     0  startup.o(RESET)
    GPIOPortQ5_Handler                       0x0000021f   Thumb Code     0  startup.o(RESET)
    GPIOPortQ6_Handler                       0x0000021f   Thumb Code     0  startup.o(RESET)
    GPIOPortQ7_Handler                       0x0000021f   Thumb Code     0  startup.o(RESET)
    GPIOPortQ_Handler                        0x0000021f   Thumb Code     0  startup.o(RESET)
    Hibernate_Handler                        0x0000021f   Thumb Code     0  startup.o(RESET)
    I2C0_Handler                             0x0000021f   Thumb Code     0  startup.o(RESET)
    I2C1_Handler                             0x0000021f   Thumb Code     0  startup.o(RESET)
    I2C2_Handler                             0x0000021f   Thumb Code     0  startup.o(RESET)
    I2C3_Handler                             0x0000021f   Thumb Code     0  startup.o(RESET)
    I2C4_Handler                             0x0000021f   Thumb Code     0  startup.o(RESET)
    I2C5_Handler                             0x0000021f   Thumb Code     0  startup.o(RESET)
    I2C6_Handler                             0x0000021f   Thumb Code     0  startup.o(RESET)
    I2C7_Handler                             0x0000021f   Thumb Code     0  startup.o(RESET)
    I2C8_Handler                             0x0000021f   Thumb Code     0  startup.o(RESET)
    I2C9_Handler                             0x0000021f   Thumb Code     0  startup.o(RESET)
    PWM0Fault_Handler                        0x0000021f   Thumb Code     0  startup.o(RESET)
    PWM0Generator0_Handler                   0x0000021f   Thumb Code     0  startup.o(RESET)
    PWM0Generator1_Handler                   0x0000021f   Thumb Code     0  startup.o(RESET)
    PWM0Generator2_Handler                   0x0000021f   Thumb Code     0  startup.o(RESET)
    PWM0Generator3_Handler                   0x0000021f   Thumb Code     0  startup.o(RESET)
    Quadrature0_Handler                      0x0000021f   Thumb Code     0  startup.o(RESET)
    SSI0_Handler                             0x0000021f   Thumb Code     0  startup.o(RESET)
    SSI1_Handler                             0x0000021f   Thumb Code     0  startup.o(RESET)
    SSI2_Handler                             0x0000021f   Thumb Code     0  startup.o(RESET)
    SSI3_Handler                             0x0000021f   Thumb Code     0  startup.o(RESET)
    SysCtl_Handler                           0x0000021f   Thumb Code     0  startup.o(RESET)
    Tamper_Handler                           0x0000021f   Thumb Code     0  startup.o(RESET)
    Timer0A_Handler                          0x0000021f   Thumb Code     0  startup.o(RESET)
    Timer0B_Handler                          0x0000021f   Thumb Code     0  startup.o(RESET)
    Timer1A_Handler                          0x0000021f   Thumb Code     0  startup.o(RESET)
    Timer1B_Handler                          0x0000021f   Thumb Code     0  startup.o(RESET)
    Timer2A_Handler                          0x0000021f   Thumb Code     0  startup.o(RESET)
    Timer2B_Handler                          0x0000021f   Thumb Code     0  startup.o(RESET)
    Timer3A_Handler                          0x0000021f   Thumb Code     0  startup.o(RESET)
    Timer3B_Handler                          0x0000021f   Thumb Code     0  startup.o(RESET)
    Timer4A_Handler                          0x0000021f   Thumb Code     0  startup.o(RESET)
    Timer4B_Handler                          0x0000021f   Thumb Code     0  startup.o(RESET)
    Timer5A_Handler                          0x0000021f   Thumb Code     0  startup.o(RESET)
    Timer5B_Handler                          0x0000021f   Thumb Code     0  startup.o(RESET)
    Timer6A_Handler                          0x0000021f   Thumb Code     0  startup.o(RESET)
    Timer6B_Handler                          0x0000021f   Thumb Code     0  startup.o(RESET)
    Timer7A_Handler                          0x0000021f   Thumb Code     0  startup.o(RESET)
    Timer7B_Handler                          0x0000021f   Thumb Code     0  startup.o(RESET)
    UART0_Handler                            0x0000021f   Thumb Code     0  startup.o(RESET)
    UART1_Handler                            0x0000021f   Thumb Code     0  startup.o(RESET)
    UART2_Handler                            0x0000021f   Thumb Code     0  startup.o(RESET)
    UART3_Handler                            0x0000021f   Thumb Code     0  startup.o(RESET)
    UART4_Handler                            0x0000021f   Thumb Code     0  startup.o(RESET)
    UART5_Handler                            0x0000021f   Thumb Code     0  startup.o(RESET)
    UART6_Handler                            0x0000021f   Thumb Code     0  startup.o(RESET)
    UART7_Handler                            0x0000021f   Thumb Code     0  startup.o(RESET)
    USB0_Handler                             0x0000021f   Thumb Code     0  startup.o(RESET)
    WDT_Handler                              0x0000021f   Thumb Code     0  startup.o(RESET)
    uDMA_Error                               0x0000021f   Thumb Code     0  startup.o(RESET)
    uDMA_Handler                             0x0000021f   Thumb Code     0  startup.o(RESET)
    GPIO_Init                                0x00000221   Thumb Code     0  gpio.o(.text)
    PortA_Output                             0x0000038f   Thumb Code     0  gpio.o(.text)
    PortK_Output                             0x0000039f   Thumb Code     0  gpio.o(.text)
    PortM_Output                             0x000003af   Thumb Code     0  gpio.o(.text)
    PortP_Output                             0x000003bf   Thumb Code     0  gpio.o(.text)
    PortQ_Output                             0x000003cf   Thumb Code     0  gpio.o(.text)
    PortJ_Input                              0x000003df   Thumb Code     0  gpio.o(.text)
    PortL_Input                              0x000003e5   Thumb Code     0  gpio.o(.text)
    Teclado_ConfiguraLeituraPrimeiraColuna   0x000003eb   Thumb Code     0  gpio.o(.text)
    Teclado_ConfiguraLeituraSegundaColuna    0x0000041d   Thumb Code     0  gpio.o(.text)
    Teclado_ConfiguraLeituraTerceiraColuna   0x0000043f   Thumb Code     0  gpio.o(.text)
    Teclado_ConfiguraLeituraQuartaColuna     0x00000461   Thumb Code     0  gpio.o(.text)
    GPIOPortJ_Handler                        0x00000483   Thumb Code     0  gpio.o(.text)
    Start                                    0x00000579   Thumb Code     0  main.o(.text)
    PLL_Init                                 0x000005dd   Thumb Code     0  utils.o(.text)
    SysTick_Init                             0x00000705   Thumb Code     0  utils.o(.text)
    SysTick_Wait1ms                          0x0000073f   Thumb Code     0  utils.o(.text)
    SysTick_Wait1us                          0x00000751   Thumb Code     0  utils.o(.text)
    Turn0n_TransistorQ1                      0x000007c1   Thumb Code     0  transistors.o(.text)
    Turn0ff_TransistorQ1                     0x000007d1   Thumb Code     0  transistors.o(.text)
    Led                                      0x000007e1   Thumb Code     0  leds.o(.text)
    CofreAberto                              0x00000815   Thumb Code     0  estados.o(.text)
    CofreFechando                            0x00000845   Thumb Code     0  estados.o(.text)
    CofreFechado                             0x00000861   Thumb Code     0  estados.o(.text)
    CofreAbrindo                             0x00000889   Thumb Code     0  estados.o(.text)
    CofreTravado                             0x000008a5   Thumb Code     0  estados.o(.text)
    Lcd_Init                                 0x000008f1   Thumb Code     0  lcd.o(.text)
    LcdComando                               0x00000935   Thumb Code     0  lcd.o(.text)
    LcdDeslocaEsquerda                       0x000009a7   Thumb Code     0  lcd.o(.text)
    LcdMsgCofreAberto                        0x000009c3   Thumb Code     0  lcd.o(.text)
    LcdMsgCofreFechando                      0x000009d5   Thumb Code     0  lcd.o(.text)
    LcdMsgCofreFechado                       0x000009fb   Thumb Code     0  lcd.o(.text)
    LcdMsgCofreAbrindo                       0x00000a0d   Thumb Code     0  lcd.o(.text)
    LcdMsgCofreTravado                       0x00000a1f   Thumb Code     0  lcd.o(.text)
    Teclado_PegarTeclaPressionada            0x00000a45   Thumb Code     0  teclado.o(.text)
    SetaSenha                                0x00000bd1   Thumb Code     0  senha.o(.text)
    ComparaSenha                             0x00000c37   Thumb Code     0  senha.o(.text)



==============================================================================

Memory Map of the image

  Image Entry point : 0x00000209

  Load Region LR_1 (Base: 0x00000000, Size: 0x00000d3c, Max: 0xffffffff, ABSOLUTE)

    Execution Region ER_RO (Exec base: 0x00000000, Load base: 0x00000000, Size: 0x00000d3c, Max: 0xffffffff, ABSOLUTE)

    Exec Addr    Load Addr    Size         Type   Attr      Idx    E Section Name        Object

    0x00000000   0x00000000   0x00000220   Code   RO           12  * RESET               startup.o
    0x00000220   0x00000220   0x00000358   Code   RO            1    .text               gpio.o
    0x00000578   0x00000578   0x00000064   Code   RO            7    .text               main.o
    0x000005dc   0x000005dc   0x000001e4   Code   RO           19    .text               utils.o
    0x000007c0   0x000007c0   0x00000020   Code   RO           22    .text               transistors.o
    0x000007e0   0x000007e0   0x00000034   Code   RO           25    .text               leds.o
    0x00000814   0x00000814   0x000000dc   Code   RO           28    .text               estados.o
    0x000008f0   0x000008f0   0x00000154   Code   RO           32    .text               lcd.o
    0x00000a44   0x00000a44   0x0000018c   Code   RO           35    .text               teclado.o
    0x00000bd0   0x00000bd0   0x000000e0   Code   RO           39    .text               senha.o
    0x00000cb0   0x00000cb0   0x0000008c   Data   RO           31    DATA                lcd.o


    Execution Region ER_RW (Exec base: 0x20000000, Load base: 0x00000d3c, Size: 0x00000000, Max: 0xffffffff, ABSOLUTE)

    **** No section assigned to this execution region ****


    Execution Region ER_ZI (Exec base: 0x20000000, Load base: 0x00000d3c, Size: 0x00000400, Max: 0xffffffff, ABSOLUTE)

    Exec Addr    Load Addr    Size         Type   Attr      Idx    E Section Name        Object

    0x20000000        -       0x00000400   Zero   RW           10    STACK               startup.o


==============================================================================

Image component sizes


      Code (inc. data)   RO Data    RW Data    ZI Data      Debug   Object Name

       220          2          0          0          0        292   estados.o
       856        212          0          0          0        512   gpio.o
       340         20        140          0          0        328   lcd.o
        52          0          0          0          0        232   leds.o
       100          0          0          0          0        236   main.o
       224          2          0          0          0        284   senha.o
       544        520          0          0       1024        752   startup.o
       396          0          0          0          0        360   teclado.o
        32          0          0          0          0        236   transistors.o
       484         92          0          0          0        376   utils.o

    ----------------------------------------------------------------------
      3248        848        140          0       1024       3608   Object Totals
         0          0          0          0          0          0   (incl. Generated)
         0          0          0          0          0          0   (incl. Padding)

    ----------------------------------------------------------------------
         0          0          0          0          0          0   Library Totals
         0          0          0          0          0          0   (incl. Padding)

    ----------------------------------------------------------------------

==============================================================================


      Code (inc. data)   RO Data    RW Data    ZI Data      Debug   

      3248        848        140          0       1024       3608   Grand Totals
      3248        848        140          0       1024       3608   ELF Image Totals
      3248        848        140          0          0          0   ROM Totals

==============================================================================

    Total RO  Size (Code + RO Data)                 3388 (   3.31kB)
    Total RW  Size (RW Data + ZI Data)              1024 (   1.00kB)
    Total ROM Size (Code + RO Data + RW Data)       3388 (   3.31kB)

==============================================================================

