


ARM Macro Assembler    Page 1 


    1 00000000         ; lcd.s
    2 00000000         ; Desenvolvido para a placa EK-TM4C1294XL
    3 00000000         
    4 00000000         
    5 00000000         ; ------------------------------------------------------
                       -------------------------
    6 00000000                 THUMB                        ; Instruções do tip
                                                            o Thumb-2
    7 00000000         ; ------------------------------------------------------
                       -------------------------
    8 00000000         ; Declarações EQU - Defines
    9 00000000         ; ========================
   10 00000000         
   11 00000000         ;Configs da PM
   12 00000000         ;RS(PM0) --> 0 = comando, 1 = dado
   13 00000000         ;RW(PM1) --> 0 = escrita, 1 = leitura
   14 00000000         ;EN(PM2) --> 0 = disable, 1 = enable
   15 00000000         
   16 00000000         
   17 00000000         
   18 00000000                 AREA             DATA, READONLY
   19 00000000 43 6F 66 
              72 65 20 
              61 62 65 
              72 74 6F 
              2C 20 20 
              20 20 20 
              20 20 20 
              20 20 20 
              20 20 20 
              20 20 20 
              20 20 20 
              20 20 20 
              20 20 20 
              20 64 69 
              67 69 74 
              65 20 6E 
              6F 76 61 
              20 73 65 
              6E 68 61 
              20 70 61 
              72 61 20 
              66 65 63 
              68 61 72 
              20 6F 20 
              63 6F 66 
              72 65 00 strAberto
                               DCB              "Cofre aberto,                 
          digite nova senha para fechar o cofre",0
   20 0000004E 43 6F 66 
              72 65 20 
              66 65 63 
              68 61 6E 
              64 6F 2E 
              2E 00    strFechando
                               DCB              "Cofre fechando..",0 ;"Cofre fe
                                                            chando             
                                                                         "
   21 0000005F 43 6F 66 



ARM Macro Assembler    Page 2 


              72 65 20 
              66 65 63 
              68 61 64 
              6F 00    strFechado
                               DCB              "Cofre fechado",0
   22 0000006D 43 6F 66 
              72 65 20 
              61 62 72 
              69 6E 64 
              6F 2E 2E 
              2E 00    strAbrindo
                               DCB              "Cofre abrindo...",0
   23 0000007E 43 6F 66 
              72 65 20 
              74 72 61 
              76 61 64 
              6F 00    strTravado
                               DCB              "Cofre travado",0
   24 0000008C         
   25 0000008C                 ALIGN
   26 0000008C         
   27 0000008C         ; Área de Código - Tudo abaixo da diretiva a seguir será
                        armazenado na memória de 
   28 0000008C         ;                  código
   29 0000008C                 AREA             |.text|, CODE, READONLY, ALIGN=
2
   30 00000000         
   31 00000000         ; Se alguma função do arquivo for chamada em outro arqui
                       vo
   32 00000000                 EXPORT           Lcd_Init
   33 00000000                 EXPORT           LcdComando
   34 00000000                 EXPORT           LcdMsgCofreAberto
   35 00000000                 EXPORT           LcdMsgCofreFechando
   36 00000000                 EXPORT           LcdMsgCofreFechado
   37 00000000                 EXPORT           LcdMsgCofreAbrindo
   38 00000000                 EXPORT           LcdMsgCofreTravado
   39 00000000         
   40 00000000                 EXPORT           LcdDeslocaEsquerda
   41 00000000         
   42 00000000         ; Se chamar alguma função externa
   43 00000000                 IMPORT           SysTick_Wait1us
   44 00000000                 IMPORT           SysTick_Wait1ms
   45 00000000                 IMPORT           PortK_Output
   46 00000000                 IMPORT           PortM_Output
   47 00000000         
   48 00000000         ;-------------------------------------------------------
                       -------------------------
   49 00000000         ; Lcd_Init
   50 00000000         ; Configuração para usar o LCD
   51 00000000         ; Parâmetro de entrada: Não tem
   52 00000000         ; Parâmetro de saída: Não tem
   53 00000000         Lcd_Init
   54 00000000 B500            PUSH{LR}
   55 00000002         
   56 00000002         ; Configuração do LCD: 0x38 (tempo de delay: 40 µs)
   57 00000002         ; 0x20 (Inicia configuração do LCD)
   58 00000002         ; 0x10 (modo 8 bits)
   59 00000002         ; 0x08 (2 linhas)
   60 00000002 F04F 0328       MOV              R3, #40     ; tempo de espera p



ARM Macro Assembler    Page 3 


                                                            ara o comando
   61 00000006 F04F 0038       MOV              R0, #0x38   ; comando
   62 0000000A F7FF FFFE       BL               LcdComando
   63 0000000E         
   64 0000000E         ; Cursor com autoincremento para direita: 0x06 (tempo de
                        delay: 40 µs)
   65 0000000E F04F 0006       MOV              R0, #0x06   ;comando
   66 00000012 F7FF FFFE       BL               LcdComando
   67 00000016         
   68 00000016         ; Configuração do cursor: 0x0E (tempo de delay: 40 µs)
   69 00000016         ; 0x08 (Inicia configuração do cursor)
   70 00000016         ; 0x04 (habilita display)
   71 00000016         ; 0x02 (habilita cursor)
   72 00000016 F04F 000E       MOV              R0, #0x0E   ;comando
   73 0000001A F7FF FFFE       BL               LcdComando
   74 0000001E         
   75 0000001E         ; Deslocamento mensagem para direita: 0x05 (tempo de del
                       ay: 40 µs)
   76 0000001E F04F 0005       MOV              R0, #0x05   ;comando
   77 00000022 F7FF FFFE       BL               LcdComando
   78 00000026         
   79 00000026 F000 F803       BL               LcdReset
   80 0000002A         
   81 0000002A F85D EB04       POP{LR}
   82 0000002E 4770            BX               LR
   83 00000030         
   84 00000030         ;-------------------------------------------------------
                       -------------------------
   85 00000030         ; LcdReset
   86 00000030         ; Limpa o display e leva o cursor para o home
   87 00000030         ; Parâmetro de entrada: Não tem
   88 00000030         ; Parâmetro de saída: Não tem
   89 00000030         LcdReset
   90 00000030 B500            PUSH{LR}
   91 00000032         
   92 00000032         ;Resetar: Limpar o display e levar o cursor para o home 
                       (0x01) ? esperar 1,64ms
   93 00000032 F44F 63CD       MOV              R3, #1640   ; tempo de espera p
                                                            ara o comando
   94 00000036 F04F 0001       MOV              R0, #0x01   ; comando
   95 0000003A F7FF FFFE       BL               LcdComando
   96 0000003E         
   97 0000003E F85D EB04       POP{LR}
   98 00000042 4770            BX               LR
   99 00000044         
  100 00000044         ;-------------------------------------------------------
                       -------------------------
  101 00000044         ; LcdComando
  102 00000044         ; Envia comando para o LCD
  103 00000044         ; Parâmetro de entrada: R1 --> tempo de espera, R0 --> C
                       omando
  104 00000044         ; Parâmetro de saída: Não tem
  105 00000044         LcdComando
  106 00000044 B500            PUSH{LR}
  107 00000046 F7FF FFFE       BL               PortK_Output
  108 0000004A         
  109 0000004A         ; RS(M0) = 0 (comando), RW(M1) = 0(escrita), EN(M2) = 1 
                       (habilitado)
  110 0000004A F04F 0004       MOV              R0, #2_100



ARM Macro Assembler    Page 4 


  111 0000004E F7FF FFFE       BL               PortM_Output
  112 00000052         
  113 00000052         ; espera 10 us com LCD habilitado
  114 00000052 F04F 000A       MOV              R0, #10
  115 00000056 F7FF FFFE       BL               SysTick_Wait1us
  116 0000005A         
  117 0000005A         ;desabilita LCD
  118 0000005A F04F 0000       MOV              R0, #2_000
  119 0000005E F7FF FFFE       BL               PortM_Output
  120 00000062         
  121 00000062         ; espera pelo tempo do parâmetro R1 com LCD desabilitado
                       
  122 00000062 4618            MOV              R0, R3
  123 00000064 F7FF FFFE       BL               SysTick_Wait1us
  124 00000068         
  125 00000068 F85D EB04       POP{LR}
  126 0000006C 4770            BX               LR
  127 0000006E         
  128 0000006E         ;-------------------------------------------------------
                       -------------------------
  129 0000006E         ; LcdEscreveCaractere
  130 0000006E         ; Envia caractere para o LCD
  131 0000006E         ; Parâmetro de entrada: R0 --> Caractere
  132 0000006E         ; Parâmetro de saída: Não tem
  133 0000006E         LcdEscreveCaractere
  134 0000006E B500            PUSH{LR}
  135 00000070         
  136 00000070         ; escreve o caractere no barramento da porta K
  137 00000070 F7FF FFFE       BL               PortK_Output
  138 00000074         
  139 00000074         ; RS(M0) = 1 (dado), RW(M1) = 0(escrita), EN(M2) = 1 (ha
                       bilitado)
  140 00000074 F04F 0005       MOV              R0, #2_101
  141 00000078 F7FF FFFE       BL               PortM_Output
  142 0000007C         
  143 0000007C         ; espera 10 us com LCD habilitado
  144 0000007C F04F 000A       MOV              R0, #10
  145 00000080 F7FF FFFE       BL               SysTick_Wait1us
  146 00000084         
  147 00000084         ; desabilita LCD
  148 00000084 F04F 0000       MOV              R0, #2_000
  149 00000088 F7FF FFFE       BL               PortM_Output
  150 0000008C         
  151 0000008C         ; espera 40 us com LCD desabilitado
  152 0000008C F04F 0028       MOV              R0, #40
  153 00000090 F7FF FFFE       BL               SysTick_Wait1us
  154 00000094         
  155 00000094 F85D EB04       POP{LR}
  156 00000098 4770            BX               LR
  157 0000009A         
  158 0000009A         ;-------------------------------------------------------
                       -------------------------
  159 0000009A         ; LcdEscreveString
  160 0000009A         ; Envia caractere para o LCD
  161 0000009A         ; Parâmetro de entrada: R4 --> String
  162 0000009A         ; Parâmetro de saída: Não tem
  163 0000009A         LcdEscreveString
  164 0000009A B500            PUSH{LR}
  165 0000009C         



ARM Macro Assembler    Page 5 


  166 0000009C         ; escreve o caractere no barramento da porta K
  167 0000009C F7FF FFC8       BL               LcdReset
  168 000000A0         
  169 000000A0         LoopString
  170 000000A0         ; lê caractere e armazena em R0, e incrementa posição da
                        string
  171 000000A0 F814 0B01       LDRB             R0, [R4], #1
  172 000000A4         
  173 000000A4 2800            CMP              R0, #0      ; verifica se é o f
                                                            im da string
  174 000000A6 D100            BNE              EscreveProximoCaractere
  175 000000A8 D002            BEQ              FimLcdEscreveString
  176 000000AA         
  177 000000AA         EscreveProximoCaractere
  178 000000AA F7FF FFE0       BL               LcdEscreveCaractere
  179 000000AE E7F7            B                LoopString
  180 000000B0         
  181 000000B0         FimLcdEscreveString
  182 000000B0 F85D EB04       POP{LR}
  183 000000B4 4770            BX               LR
  184 000000B6         
  185 000000B6         ;-------------------------------------------------------
                       -------------------------
  186 000000B6         ; LcdDeslocaEsquerda
  187 000000B6         ; Parâmetro de entrada: R3 --> String
  188 000000B6         ; Parâmetro de saída: Não tem
  189 000000B6         *********************************
  190 000000B6         LcdDeslocaEsquerda
  191 000000B6 B500            PUSH{LR}
  192 000000B8         ;Deslocar mensagem para a esquerda: (0x18) ? esperar 40u
                       s
  193 000000B8 F04F 0328       MOV              R3, #40     ; tempo de espera p
                                                            ara o comando
  194 000000BC F04F 0018       MOV              R0, #0x18   ; comando
  195 000000C0 F7FF FFFE       BL               LcdComando
  196 000000C4         
  197 000000C4 F04F 0001       MOV              R0, #1      ;com 150 trava a me
                                                            nsagem ao digitar n
                                                            o teclado
  198 000000C8 F7FF FFFE       BL               SysTick_Wait1ms
  199 000000CC         
  200 000000CC F85D EB04       POP{LR}
  201 000000D0 4770            BX               LR
  202 000000D2         
  203 000000D2         ;-------------------------------------------------------
                       -------------------------
  204 000000D2         ; LcdMsgCofreAberto
  205 000000D2         ; Parâmetro de entrada: Não tem
  206 000000D2         ; Parâmetro de saída: Não tem
  207 000000D2         *********************************
  208 000000D2         LcdMsgCofreAberto
  209 000000D2 B500            PUSH{LR}
  210 000000D4         
  211 000000D4 F7FF FFAC       BL               LcdReset
  212 000000D8 4C19            LDR              R4, =strAberto
  213 000000DA F7FF FFDE       BL               LcdEscreveString
  214 000000DE         
  215 000000DE F85D EB04       POP{LR}
  216 000000E2 4770            BX               LR



ARM Macro Assembler    Page 6 


  217 000000E4         
  218 000000E4         ;-------------------------------------------------------
                       -------------------------
  219 000000E4         ; LcdMsgCofreFechando
  220 000000E4         ; Parâmetro de entrada: Não tem
  221 000000E4         ; Parâmetro de saída: Não tem
  222 000000E4         *********************************
  223 000000E4         LcdMsgCofreFechando
  224 000000E4 B500            PUSH{LR}
  225 000000E6         
  226 000000E6 F7FF FFA3       BL               LcdReset
  227 000000EA         
  228 000000EA         ;deslocamento do cursor ao entrar com caracter pra direi
                       ta
  229 000000EA F04F 0328       MOV              R3, #40
  230 000000EE F04F 0006       MOV              R0, #0x06
  231 000000F2 F7FF FFFE       BL               LcdComando
  232 000000F6         
  233 000000F6         ;espera 3ms
  234 000000F6 F04F 0001       MOV              R0, #1
  235 000000FA F7FF FFFE       BL               SysTick_Wait1ms
  236 000000FE         
  237 000000FE 4C11            LDR              R4, =strFechando
  238 00000100 F7FF FFCB       BL               LcdEscreveString
  239 00000104         
  240 00000104 F85D EB04       POP{LR}
  241 00000108 4770            BX               LR
  242 0000010A         
  243 0000010A         ;-------------------------------------------------------
                       -------------------------
  244 0000010A         ; LcdMsgCofreFechado
  245 0000010A         ; Parâmetro de entrada: Não tem
  246 0000010A         ; Parâmetro de saída: Não tem
  247 0000010A         *********************************
  248 0000010A         LcdMsgCofreFechado
  249 0000010A B500            PUSH{LR}
  250 0000010C         
  251 0000010C F7FF FF90       BL               LcdReset
  252 00000110         
  253 00000110         
  254 00000110         
  255 00000110 4C0D            LDR              R4, =strFechado
  256 00000112 F7FF FFC2       BL               LcdEscreveString
  257 00000116         
  258 00000116 F85D EB04       POP{LR}
  259 0000011A 4770            BX               LR
  260 0000011C         
  261 0000011C         ;-------------------------------------------------------
                       -------------------------
  262 0000011C         ; LcdMsgCofreAbrindo
  263 0000011C         ; Parâmetro de entrada: Não tem
  264 0000011C         ; Parâmetro de saída: Não tem
  265 0000011C         *********************************
  266 0000011C         LcdMsgCofreAbrindo
  267 0000011C B500            PUSH{LR}
  268 0000011E         
  269 0000011E F7FF FF87       BL               LcdReset
  270 00000122 4C0A            LDR              R4, =strAbrindo
  271 00000124 F7FF FFB9       BL               LcdEscreveString



ARM Macro Assembler    Page 7 


  272 00000128         
  273 00000128 F85D EB04       POP{LR}
  274 0000012C 4770            BX               LR
  275 0000012E         
  276 0000012E         ;-------------------------------------------------------
                       -------------------------
  277 0000012E         ; LcdMsgCofreTravado
  278 0000012E         ; Parâmetro de entrada: Não tem
  279 0000012E         ; Parâmetro de saída: Não tem
  280 0000012E         *********************************
  281 0000012E         LcdMsgCofreTravado
  282 0000012E B500            PUSH{LR}
  283 00000130         
  284 00000130 F7FF FF7E       BL               LcdReset
  285 00000134 4C06            LDR              R4, =strTravado
  286 00000136 F7FF FFB0       BL               LcdEscreveString
  287 0000013A         
  288 0000013A F85D EB04       POP{LR}
  289 0000013E 4770            BX               LR
  290 00000140         
  291 00000140                 ALIGN                        ; garante que o fim
                                                             da seção está alin
                                                            hada 
  292 00000140                 END                          ; fim do arquivo
              00000000 
              00000000 
              00000000 
              00000000 
              00000000 
Command Line: --debug --xref --diag_suppress=9931 --cpu=Cortex-M4.fp.sp --apcs=
interwork --depend=.\objects\lcd.d -o.\objects\lcd.o -IC:\Users\admin\AppData\L
ocal\Arm\Packs\Keil\TM4C_DFP\1.1.0\Device\Include\TM4C129 --predefine="__EVAL S
ETA 1" --predefine="__UVISION_VERSION SETA 536" --predefine="TM4C1294NCPDT SETA
 1" --list=.\listings\lcd.lst lcd.s



ARM Macro Assembler    Page 1 Alphabetic symbol ordering
Relocatable symbols

DATA 00000000

Symbol: DATA
   Definitions
      At line 18 in file lcd.s
   Uses
      None
Comment: DATA unused
strAberto 00000000

Symbol: strAberto
   Definitions
      At line 19 in file lcd.s
   Uses
      At line 212 in file lcd.s
Comment: strAberto used once
strAbrindo 0000006D

Symbol: strAbrindo
   Definitions
      At line 22 in file lcd.s
   Uses
      At line 270 in file lcd.s
Comment: strAbrindo used once
strFechado 0000005F

Symbol: strFechado
   Definitions
      At line 21 in file lcd.s
   Uses
      At line 255 in file lcd.s
Comment: strFechado used once
strFechando 0000004E

Symbol: strFechando
   Definitions
      At line 20 in file lcd.s
   Uses
      At line 237 in file lcd.s
Comment: strFechando used once
strTravado 0000007E

Symbol: strTravado
   Definitions
      At line 23 in file lcd.s
   Uses
      At line 285 in file lcd.s
Comment: strTravado used once
6 symbols



ARM Macro Assembler    Page 1 Alphabetic symbol ordering
Relocatable symbols

.text 00000000

Symbol: .text
   Definitions
      At line 29 in file lcd.s
   Uses
      None
Comment: .text unused
EscreveProximoCaractere 000000AA

Symbol: EscreveProximoCaractere
   Definitions
      At line 177 in file lcd.s
   Uses
      At line 174 in file lcd.s
Comment: EscreveProximoCaractere used once
FimLcdEscreveString 000000B0

Symbol: FimLcdEscreveString
   Definitions
      At line 181 in file lcd.s
   Uses
      At line 175 in file lcd.s
Comment: FimLcdEscreveString used once
LcdComando 00000044

Symbol: LcdComando
   Definitions
      At line 105 in file lcd.s
   Uses
      At line 33 in file lcd.s
      At line 62 in file lcd.s
      At line 66 in file lcd.s
      At line 73 in file lcd.s
      At line 77 in file lcd.s
      At line 95 in file lcd.s
      At line 195 in file lcd.s
      At line 231 in file lcd.s

LcdDeslocaEsquerda 000000B6

Symbol: LcdDeslocaEsquerda
   Definitions
      At line 190 in file lcd.s
   Uses
      At line 40 in file lcd.s
Comment: LcdDeslocaEsquerda used once
LcdEscreveCaractere 0000006E

Symbol: LcdEscreveCaractere
   Definitions
      At line 133 in file lcd.s
   Uses
      At line 178 in file lcd.s
Comment: LcdEscreveCaractere used once
LcdEscreveString 0000009A

Symbol: LcdEscreveString
   Definitions



ARM Macro Assembler    Page 2 Alphabetic symbol ordering
Relocatable symbols

      At line 163 in file lcd.s
   Uses
      At line 213 in file lcd.s
      At line 238 in file lcd.s
      At line 256 in file lcd.s
      At line 271 in file lcd.s
      At line 286 in file lcd.s

LcdMsgCofreAberto 000000D2

Symbol: LcdMsgCofreAberto
   Definitions
      At line 208 in file lcd.s
   Uses
      At line 34 in file lcd.s
Comment: LcdMsgCofreAberto used once
LcdMsgCofreAbrindo 0000011C

Symbol: LcdMsgCofreAbrindo
   Definitions
      At line 266 in file lcd.s
   Uses
      At line 37 in file lcd.s
Comment: LcdMsgCofreAbrindo used once
LcdMsgCofreFechado 0000010A

Symbol: LcdMsgCofreFechado
   Definitions
      At line 248 in file lcd.s
   Uses
      At line 36 in file lcd.s
Comment: LcdMsgCofreFechado used once
LcdMsgCofreFechando 000000E4

Symbol: LcdMsgCofreFechando
   Definitions
      At line 223 in file lcd.s
   Uses
      At line 35 in file lcd.s
Comment: LcdMsgCofreFechando used once
LcdMsgCofreTravado 0000012E

Symbol: LcdMsgCofreTravado
   Definitions
      At line 281 in file lcd.s
   Uses
      At line 38 in file lcd.s
Comment: LcdMsgCofreTravado used once
LcdReset 00000030

Symbol: LcdReset
   Definitions
      At line 89 in file lcd.s
   Uses
      At line 79 in file lcd.s
      At line 167 in file lcd.s
      At line 211 in file lcd.s
      At line 226 in file lcd.s
      At line 251 in file lcd.s



ARM Macro Assembler    Page 3 Alphabetic symbol ordering
Relocatable symbols

      At line 269 in file lcd.s
      At line 284 in file lcd.s

Lcd_Init 00000000

Symbol: Lcd_Init
   Definitions
      At line 53 in file lcd.s
   Uses
      At line 32 in file lcd.s
Comment: Lcd_Init used once
LoopString 000000A0

Symbol: LoopString
   Definitions
      At line 169 in file lcd.s
   Uses
      At line 179 in file lcd.s
Comment: LoopString used once
15 symbols



ARM Macro Assembler    Page 1 Alphabetic symbol ordering
External symbols

PortK_Output 00000000

Symbol: PortK_Output
   Definitions
      At line 45 in file lcd.s
   Uses
      At line 107 in file lcd.s
      At line 137 in file lcd.s

PortM_Output 00000000

Symbol: PortM_Output
   Definitions
      At line 46 in file lcd.s
   Uses
      At line 111 in file lcd.s
      At line 119 in file lcd.s
      At line 141 in file lcd.s
      At line 149 in file lcd.s

SysTick_Wait1ms 00000000

Symbol: SysTick_Wait1ms
   Definitions
      At line 44 in file lcd.s
   Uses
      At line 198 in file lcd.s
      At line 235 in file lcd.s

SysTick_Wait1us 00000000

Symbol: SysTick_Wait1us
   Definitions
      At line 43 in file lcd.s
   Uses
      At line 115 in file lcd.s
      At line 123 in file lcd.s
      At line 145 in file lcd.s
      At line 153 in file lcd.s

4 symbols
361 symbols in table
