


ARM Macro Assembler    Page 1 


    1 00000000         ; leds.s
    2 00000000         ; Desenvolvido para a placa EK-TM4C1294XL
    3 00000000         
    4 00000000         
    5 00000000         ; ------------------------------------------------------
                       -------------------------
    6 00000000                 THUMB                        ; Instruções do tip
                                                            o Thumb-2
    7 00000000         ; ------------------------------------------------------
                       -------------------------
    8 00000000         ; Área de Código - Tudo abaixo da diretiva a seguir será
                        armazenado na memória de 
    9 00000000         ;                  código
   10 00000000                 AREA             |.text|, CODE, READONLY, ALIGN=
2
   11 00000000         
   12 00000000         ; Se alguma função do arquivo for chamada em outro arqui
                       vo 
   13 00000000         
   14 00000000                 EXPORT           Led         ; Permite chamar Di
                                                            splay_Dezena de out
                                                            ro arquivo
   15 00000000         
   16 00000000         ; Se chamar alguma função externa
   17 00000000                 IMPORT           SysTick_Wait1ms
   18 00000000                 IMPORT           PortA_Output
   19 00000000                 IMPORT           PortQ_Output
   20 00000000         
   21 00000000                 IMPORT           Turn0n_TransistorQ1
   22 00000000                 IMPORT           Turn0ff_TransistorQ1
   23 00000000         
   24 00000000         ; Função Led
   25 00000000         ; Parâmetro de entrada: R7 --> bits para ligar LEDs corr
                       espondentes
   26 00000000         ; Parâmetro de saída: Não tem
   27 00000000         *********************************
   28 00000000         Led
   29 00000000 B500            PUSH             {LR}
   30 00000002 F7FF FFFE       BL               Turn0n_TransistorQ1 ;Chamar a f
                                                            unção para setar o 
                                                            transistor Q1
   31 00000006         
   32 00000006 4638            MOV              R0, R7
   33 00000008         
   34 00000008 F000 F807       BL               BitsToLed   ;Chamar a função pa
                                                            ra pegar o valor do
                                                            s bits de R0 e liga
                                                            r os leds correspon
                                                            dentes
   35 0000000C         
   36 0000000C F04F 0001       MOV              R0, #1      ;Chamar a rotina pa
                                                            ra esperar 1ms
   37 00000010 F7FF FFFE       BL               SysTick_Wait1ms
   38 00000014         
   39 00000014         ;BL Turn0ff_TransistorQ1    ;Chamar a função para reseta
                       r o transistor Q1
   40 00000014         
   41 00000014         ;MOV R0, #1                   ;Chamar a rotina para espe
                       rar 1ms



ARM Macro Assembler    Page 2 


   42 00000014         ;BL SysTick_Wait1ms
   43 00000014         
   44 00000014 F85D EB04       POP              {LR}
   45 00000018 4770            BX               LR
   46 0000001A         
   47 0000001A         ;-------------------------------------------------------
                       -------------------------
   48 0000001A         ; BitsToLed
   49 0000001A         ; Parâmetro de entrada: R0 --> bits para ligar LEDs corr
                       espondentes
   50 0000001A         ; Parâmetro de saída: Não tem
   51 0000001A         *********************************
   52 0000001A         BitsToLed
   53 0000001A B500            PUSH{LR}
   54 0000001C 4604            MOV              R4, R0
   55 0000001E         
   56 0000001E F004 00F0       AND              R0, R4, #2_11110000
   57 00000022 F7FF FFFE       BL               PortA_Output
   58 00000026         
   59 00000026 F004 000F       AND              R0, R4, #2_00001111
   60 0000002A F7FF FFFE       BL               PortQ_Output
   61 0000002E F85D EB04       POP{LR}
   62 00000032 4770            BX               LR
   63 00000034         
   64 00000034         
   65 00000034                 ALIGN                        ; garante que o fim
                                                             da seção está alin
                                                            hada 
   66 00000034                 END                          ; fim do arquivo
Command Line: --debug --xref --diag_suppress=9931 --cpu=Cortex-M4.fp.sp --apcs=
interwork --depend=.\objects\leds.d -o.\objects\leds.o -IC:\Users\admin\AppData
\Local\Arm\Packs\Keil\TM4C_DFP\1.1.0\Device\Include\TM4C129 --predefine="__EVAL
 SETA 1" --predefine="__UVISION_VERSION SETA 536" --predefine="TM4C1294NCPDT SE
TA 1" --list=.\listings\leds.lst leds.s



ARM Macro Assembler    Page 1 Alphabetic symbol ordering
Relocatable symbols

.text 00000000

Symbol: .text
   Definitions
      At line 10 in file leds.s
   Uses
      None
Comment: .text unused
BitsToLed 0000001A

Symbol: BitsToLed
   Definitions
      At line 52 in file leds.s
   Uses
      At line 34 in file leds.s
Comment: BitsToLed used once
Led 00000000

Symbol: Led
   Definitions
      At line 28 in file leds.s
   Uses
      At line 14 in file leds.s
Comment: Led used once
3 symbols



ARM Macro Assembler    Page 1 Alphabetic symbol ordering
External symbols

PortA_Output 00000000

Symbol: PortA_Output
   Definitions
      At line 18 in file leds.s
   Uses
      At line 57 in file leds.s
Comment: PortA_Output used once
PortQ_Output 00000000

Symbol: PortQ_Output
   Definitions
      At line 19 in file leds.s
   Uses
      At line 60 in file leds.s
Comment: PortQ_Output used once
SysTick_Wait1ms 00000000

Symbol: SysTick_Wait1ms
   Definitions
      At line 17 in file leds.s
   Uses
      At line 37 in file leds.s
Comment: SysTick_Wait1ms used once
Turn0ff_TransistorQ1 00000000

Symbol: Turn0ff_TransistorQ1
   Definitions
      At line 22 in file leds.s
   Uses
      None
Comment: Turn0ff_TransistorQ1 unused
Turn0n_TransistorQ1 00000000

Symbol: Turn0n_TransistorQ1
   Definitions
      At line 21 in file leds.s
   Uses
      At line 30 in file leds.s
Comment: Turn0n_TransistorQ1 used once
5 symbols
342 symbols in table
