


ARM Macro Assembler    Page 1 


    1 00000000         ; ssd.s
    2 00000000         ; Desenvolvido para a placa EK-TM4C1294XL
    3 00000000         
    4 00000000         
    5 00000000         ; ------------------------------------------------------
                       -------------------------
    6 00000000                 THUMB                        ; Instruções do tip
                                                            o Thumb-2
    7 00000000         ; ------------------------------------------------------
                       -------------------------
    8 00000000         ; Declarações EQU - Defines
    9 00000000         ; ========================
   10 00000000         ; ========================
   11 00000000         
   12 00000000         ; Portas usadas para cada dígito
   13 00000000 0000000F 
                       DIG0_PQ EQU              2_1111
   14 00000000 00000030 
                       DIG0_PA EQU              2_00110000
   15 00000000 00000006 
                       DIG1_PQ EQU              2_0110
   16 00000000 00000000 
                       DIG1_PA EQU              2_00000000
   17 00000000 0000000B 
                       DIG2_PQ EQU              2_1011
   18 00000000 00000050 
                       DIG2_PA EQU              2_01010000
   19 00000000 0000000F 
                       DIG3_PQ EQU              2_1111
   20 00000000 00000040 
                       DIG3_PA EQU              2_01000000
   21 00000000 00000006 
                       DIG4_PQ EQU              2_0110
   22 00000000 00000060 
                       DIG4_PA EQU              2_01100000
   23 00000000 0000000D 
                       DIG5_PQ EQU              2_1101
   24 00000000 00000060 
                       DIG5_PA EQU              2_01100000
   25 00000000 0000000D 
                       DIG6_PQ EQU              2_1101
   26 00000000 00000070 
                       DIG6_PA EQU              2_01110000
   27 00000000 00000007 
                       DIG7_PQ EQU              2_0111
   28 00000000 00000000 
                       DIG7_PA EQU              2_00000000
   29 00000000 0000000F 
                       DIG8_PQ EQU              2_1111
   30 00000000 00000070 
                       DIG8_PA EQU              2_01110000
   31 00000000 00000007 
                       DIG9_PQ EQU              2_0111
   32 00000000 00000060 
                       DIG9_PA EQU              2_01100000
   33 00000000         
   34 00000000         
   35 00000000         ; ------------------------------------------------------
                       -------------------------



ARM Macro Assembler    Page 2 


   36 00000000         ; Área de Código - Tudo abaixo da diretiva a seguir será
                        armazenado na memória de 
   37 00000000         ;                  código
   38 00000000                 AREA             |.text|, CODE, READONLY, ALIGN=
2
   39 00000000         
   40 00000000         ; Se alguma função do arquivo for chamada em outro arqui
                       vo 
   41 00000000                 EXPORT           Digito_0    ; Permite chamar Di
                                                            gito_0 de outro arq
                                                            uivo
   42 00000000                 EXPORT           Digito_1    ; Permite chamar Di
                                                            gito_1 de outro arq
                                                            uivo
   43 00000000                 EXPORT           Digito_2    ; Permite chamar Di
                                                            gito_2 de outro arq
                                                            uivo
   44 00000000                 EXPORT           Digito_3    ; Permite chamar Di
                                                            gito_3 de outro arq
                                                            uivo
   45 00000000                 EXPORT           Digito_4    ; Permite chamar Di
                                                            gito_4 de outro arq
                                                            uivo
   46 00000000                 EXPORT           Digito_5    ; Permite chamar Di
                                                            gito_5 de outro arq
                                                            uivo
   47 00000000                 EXPORT           Digito_6    ; Permite chamar Di
                                                            gito_4 de outro arq
                                                            uivo
   48 00000000                 EXPORT           Digito_7    ; Permite chamar Di
                                                            gito_5 de outro arq
                                                            uivo
   49 00000000                 EXPORT           Digito_8    ; Permite chamar Di
                                                            gito_4 de outro arq
                                                            uivo
   50 00000000                 EXPORT           Digito_9    ; Permite chamar Di
                                                            gito_5 de outro arq
                                                            uivo
   51 00000000                 EXPORT           Display_Dezena ; Permite chamar
                                                             Display_Dezena de 
                                                            outro arquivo
   52 00000000                 EXPORT           Display_Unidade ; Permite chama
                                                            r Display_Unidade d
                                                            e outro arquivo
   53 00000000         
   54 00000000         ; Se chamar alguma função externa
   55 00000000                 IMPORT           SysTick_Wait1ms
   56 00000000                 IMPORT           PortA_Output
   57 00000000                 IMPORT           PortB_Output
   58 00000000                 IMPORT           PortP_Output
   59 00000000                 IMPORT           PortQ_Output
   60 00000000         
   61 00000000                 IMPORT           Turn0n_TransistorQ2
   62 00000000                 IMPORT           Turn0ff_TransistorQ2
   63 00000000                 IMPORT           Turn0n_TransistorQ3
   64 00000000                 IMPORT           Turn0ff_TransistorQ3
   65 00000000         
   66 00000000         ; Função Display_Dezena
   67 00000000         ; Parâmetro de entrada: R0 --> valor do contador 



ARM Macro Assembler    Page 3 


   68 00000000         ; Parâmetro de saída: Não tem
   69 00000000         *********************************
   70 00000000         Display_Dezena
   71 00000000 B500            PUSH             {LR}
   72 00000002 F7FF FFFE       BL               Turn0n_TransistorQ2 ;Chamar a f
                                                            unção para setar o 
                                                            transistor Q2
   73 00000006         
   74 00000006 F04F 010A       MOV              R1, #10
   75 0000000A FBB0 F0F1       UDIV             R0, R0, R1  ;Divide o valor da 
                                                            entrada R0 por 10 e
                                                             pega a dezena e ar
                                                            mazena em R0
   76 0000000E         
   77 0000000E F000 F825       BL               BinarioToDigito ;Chamar a funçã
                                                            o para pegar o valo
                                                            r binário de R0 e l
                                                            igar o digito corre
                                                            spondente
   78 00000012         
   79 00000012 F04F 0001       MOV              R0, #1      ;Chamar a rotina pa
                                                            ra esperar 1ms
   80 00000016 F7FF FFFE       BL               SysTick_Wait1ms
   81 0000001A         
   82 0000001A F7FF FFFE       BL               Turn0ff_TransistorQ2 ;Chamar a 
                                                            função para resetar
                                                             o transistor Q2
   83 0000001E         
   84 0000001E F04F 0001       MOV              R0, #1      ;Chamar a rotina pa
                                                            ra esperar 1ms
   85 00000022 F7FF FFFE       BL               SysTick_Wait1ms
   86 00000026         
   87 00000026 F85D EB04       POP              {LR}
   88 0000002A 4770            BX               LR
   89 0000002C         
   90 0000002C         ; Função Display_Unidade
   91 0000002C         ; Parâmetro de entrada: R0 --> valor do contador
   92 0000002C         ; Parâmetro de saída: Não tem
   93 0000002C         *********************************
   94 0000002C         Display_Unidade
   95 0000002C B500            PUSH             {LR}
   96 0000002E F7FF FFFE       BL               Turn0n_TransistorQ3 ;Chamar a f
                                                            unção para setar o 
                                                            transistor Q3
   97 00000032         
   98 00000032 F04F 010A       MOV              R1, #10
   99 00000036 FBB0 F2F1       UDIV             R2, R0, R1  ;Divide o valor da 
                                                            entrada R0 por 10 e
                                                             pega a dezena e ar
                                                            mazena em R2
  100 0000003A FB02 0011       MLS              R0, R2, R1, R0 ;Pega unidade ,f
                                                            azendo entrada (R0)
                                                             - dezena (R2) * 10
                                                            , e armazena em R0
  101 0000003E         
  102 0000003E F000 F80D       BL               BinarioToDigito ;Chamar a funçã
                                                            o para pegar o valo
                                                            r binário de R0 e l
                                                            igar o digito corre



ARM Macro Assembler    Page 4 


                                                            spondente
  103 00000042         
  104 00000042 F04F 0001       MOV              R0, #1      ;Chamar a rotina pa
                                                            ra esperar 1ms
  105 00000046 F7FF FFFE       BL               SysTick_Wait1ms
  106 0000004A         
  107 0000004A F7FF FFFE       BL               Turn0ff_TransistorQ3 ;Chamar a 
                                                            função para resetar
                                                             o transistor Q3
  108 0000004E         
  109 0000004E F04F 0001       MOV              R0, #1      ;Chamar a rotina pa
                                                            ra esperar 1ms
  110 00000052 F7FF FFFE       BL               SysTick_Wait1ms
  111 00000056         
  112 00000056 F85D EB04       POP              {LR}
  113 0000005A 4770            BX               LR
  114 0000005C         
  115 0000005C         ;-------------------------------------------------------
                       -------------------------
  116 0000005C         ; BinarioToDigito
  117 0000005C         ; Parâmetro de entrada: R0 --> número binário para ligar
                        digito correspondente 
  118 0000005C         ; Parâmetro de saída: Não tem
  119 0000005C         *********************************
  120 0000005C         BinarioToDigito
  121 0000005C B500            PUSH{LR}
  122 0000005E 2800            CMP              R0, #0
  123 00000060 BF08 F7FF 
              FFFE             BLEQ             Digito_0
  124 00000066 2801            CMP              R0, #1
  125 00000068 BF08 F7FF 
              FFFE             BLEQ             Digito_1
  126 0000006E 2802            CMP              R0, #2
  127 00000070 BF08 F7FF 
              FFFE             BLEQ             Digito_2
  128 00000076 2803            CMP              R0, #3
  129 00000078 BF08 F7FF 
              FFFE             BLEQ             Digito_3
  130 0000007E 2804            CMP              R0, #4
  131 00000080 BF08 F7FF 
              FFFE             BLEQ             Digito_4
  132 00000086 2805            CMP              R0, #5
  133 00000088 BF08 F7FF 
              FFFE             BLEQ             Digito_5
  134 0000008E 2806            CMP              R0, #6
  135 00000090 BF08 F7FF 
              FFFE             BLEQ             Digito_6
  136 00000096 2807            CMP              R0, #7
  137 00000098 BF08 F7FF 
              FFFE             BLEQ             Digito_7
  138 0000009E 2808            CMP              R0, #8
  139 000000A0 BF08 F7FF 
              FFFE             BLEQ             Digito_8
  140 000000A6 2809            CMP              R0, #9
  141 000000A8 BF08 F7FF 
              FFFE             BLEQ             Digito_9
  142 000000AE F85D EB04       POP{LR}
  143 000000B2 4770            BX               LR
  144 000000B4         



ARM Macro Assembler    Page 5 


  145 000000B4         ;-------------------------------------------------------
                       -------------------------
  146 000000B4         ; Função Digito_0
  147 000000B4         ; Parâmetro de entrada: Não tem
  148 000000B4         ; Parâmetro de saída: Não tem
  149 000000B4         *********************************
  150 000000B4         Digito_0
  151 000000B4 B500            PUSH{LR}
  152 000000B6 F04F 000F       MOV              R0, #DIG0_PQ
  153 000000BA F7FF FFFE       BL               PortQ_Output
  154 000000BE F04F 0030       MOV              R0, #DIG0_PA
  155 000000C2 F7FF FFFE       BL               PortA_Output
  156 000000C6 F85D EB04       POP{LR}
  157 000000CA 4770            BX               LR
  158 000000CC         
  159 000000CC         ;-------------------------------------------------------
                       -------------------------
  160 000000CC         ; Função Digito_1
  161 000000CC         ; Parâmetro de entrada: Não tem
  162 000000CC         ; Parâmetro de saída: Não tem
  163 000000CC         *********************************
  164 000000CC         Digito_1
  165 000000CC B500            PUSH{LR}
  166 000000CE F04F 0006       MOV              R0, #DIG1_PQ
  167 000000D2 F7FF FFFE       BL               PortQ_Output
  168 000000D6 F04F 0000       MOV              R0, #DIG1_PA
  169 000000DA F7FF FFFE       BL               PortA_Output
  170 000000DE F85D EB04       POP{LR}
  171 000000E2 4770            BX               LR
  172 000000E4         
  173 000000E4         ;-------------------------------------------------------
                       -------------------------
  174 000000E4         ; Função Digito_2
  175 000000E4         ; Parâmetro de entrada: Não tem
  176 000000E4         ; Parâmetro de saída: Não tem
  177 000000E4         *********************************
  178 000000E4         Digito_2
  179 000000E4 B500            PUSH{LR}
  180 000000E6 F04F 000B       MOV              R0, #DIG2_PQ
  181 000000EA F7FF FFFE       BL               PortQ_Output
  182 000000EE F04F 0050       MOV              R0, #DIG2_PA
  183 000000F2 F7FF FFFE       BL               PortA_Output
  184 000000F6 F85D EB04       POP{LR}
  185 000000FA 4770            BX               LR
  186 000000FC         
  187 000000FC         ;-------------------------------------------------------
                       -------------------------
  188 000000FC         ; Função Digito_3
  189 000000FC         ; Parâmetro de entrada: Não tem
  190 000000FC         ; Parâmetro de saída: Não tem
  191 000000FC         *********************************
  192 000000FC         Digito_3
  193 000000FC B500            PUSH{LR}
  194 000000FE F04F 000F       MOV              R0, #DIG3_PQ
  195 00000102 F7FF FFFE       BL               PortQ_Output
  196 00000106 F04F 0040       MOV              R0, #DIG3_PA
  197 0000010A F7FF FFFE       BL               PortA_Output
  198 0000010E F85D EB04       POP{LR}
  199 00000112 4770            BX               LR



ARM Macro Assembler    Page 6 


  200 00000114         
  201 00000114         ;-------------------------------------------------------
                       -------------------------
  202 00000114         ; Função Digito_4
  203 00000114         ; Parâmetro de entrada: Não tem
  204 00000114         ; Parâmetro de saída: Não tem
  205 00000114         *********************************
  206 00000114         Digito_4
  207 00000114 B500            PUSH{LR}
  208 00000116 F04F 0006       MOV              R0, #DIG4_PQ
  209 0000011A F7FF FFFE       BL               PortQ_Output
  210 0000011E F04F 0060       MOV              R0, #DIG4_PA
  211 00000122 F7FF FFFE       BL               PortA_Output
  212 00000126 F85D EB04       POP{LR}
  213 0000012A 4770            BX               LR
  214 0000012C         
  215 0000012C         ;-------------------------------------------------------
                       -------------------------
  216 0000012C         ; Função Digito_5
  217 0000012C         ; Parâmetro de entrada: Não tem
  218 0000012C         ; Parâmetro de saída: Não tem
  219 0000012C         *********************************
  220 0000012C         Digito_5
  221 0000012C B500            PUSH{LR}
  222 0000012E F04F 000D       MOV              R0, #DIG5_PQ
  223 00000132 F7FF FFFE       BL               PortQ_Output
  224 00000136 F04F 0060       MOV              R0, #DIG5_PA
  225 0000013A F7FF FFFE       BL               PortA_Output
  226 0000013E F85D EB04       POP{LR}
  227 00000142 4770            BX               LR
  228 00000144         
  229 00000144         ;-------------------------------------------------------
                       -------------------------
  230 00000144         ; Função Digito_6
  231 00000144         ; Parâmetro de entrada: Não tem
  232 00000144         ; Parâmetro de saída: Não tem
  233 00000144         *********************************
  234 00000144         Digito_6
  235 00000144 B500            PUSH{LR}
  236 00000146 F04F 000D       MOV              R0, #DIG6_PQ
  237 0000014A F7FF FFFE       BL               PortQ_Output
  238 0000014E F04F 0070       MOV              R0, #DIG6_PA
  239 00000152 F7FF FFFE       BL               PortA_Output
  240 00000156 F85D EB04       POP{LR}
  241 0000015A 4770            BX               LR
  242 0000015C         
  243 0000015C         ;-------------------------------------------------------
                       -------------------------
  244 0000015C         ; Função Digito_7
  245 0000015C         ; Parâmetro de entrada: Não tem
  246 0000015C         ; Parâmetro de saída: Não tem
  247 0000015C         *********************************
  248 0000015C         Digito_7
  249 0000015C B500            PUSH{LR}
  250 0000015E F04F 0007       MOV              R0, #DIG7_PQ
  251 00000162 F7FF FFFE       BL               PortQ_Output
  252 00000166 F04F 0000       MOV              R0, #DIG7_PA
  253 0000016A F7FF FFFE       BL               PortA_Output
  254 0000016E F85D EB04       POP{LR}



ARM Macro Assembler    Page 7 


  255 00000172 4770            BX               LR
  256 00000174         
  257 00000174         ;-------------------------------------------------------
                       -------------------------
  258 00000174         ; Função Digito_8
  259 00000174         ; Parâmetro de entrada: Não tem
  260 00000174         ; Parâmetro de saída: Não tem
  261 00000174         *********************************
  262 00000174         Digito_8
  263 00000174 B500            PUSH{LR}
  264 00000176 F04F 000F       MOV              R0, #DIG8_PQ
  265 0000017A F7FF FFFE       BL               PortQ_Output
  266 0000017E F04F 0070       MOV              R0, #DIG8_PA
  267 00000182 F7FF FFFE       BL               PortA_Output
  268 00000186 F85D EB04       POP{LR}
  269 0000018A 4770            BX               LR
  270 0000018C         
  271 0000018C         ;-------------------------------------------------------
                       -------------------------
  272 0000018C         ; Função Digito_9
  273 0000018C         ; Parâmetro de entrada: Não tem
  274 0000018C         ; Parâmetro de saída: Não tem
  275 0000018C         *********************************
  276 0000018C         Digito_9
  277 0000018C B500            PUSH{LR}
  278 0000018E F04F 0007       MOV              R0, #DIG9_PQ
  279 00000192 F7FF FFFE       BL               PortQ_Output
  280 00000196 F04F 0060       MOV              R0, #DIG9_PA
  281 0000019A F7FF FFFE       BL               PortA_Output
  282 0000019E F85D EB04       POP{LR}
  283 000001A2 4770            BX               LR
  284 000001A4         
  285 000001A4                 ALIGN                        ; garante que o fim
                                                             da seção está alin
                                                            hada 
  286 000001A4                 END                          ; fim do arquivo
Command Line: --debug --xref --diag_suppress=9931 --cpu=Cortex-M4.fp.sp --apcs=
interwork --depend=.\objects\ssd.d -o.\objects\ssd.o -IC:\Users\admin\AppData\L
ocal\Arm\Packs\Keil\TM4C_DFP\1.1.0\Device\Include\TM4C129 --predefine="__EVAL S
ETA 1" --predefine="__UVISION_VERSION SETA 536" --predefine="TM4C1294NCPDT SETA
 1" --list=.\listings\ssd.lst ssd.s



ARM Macro Assembler    Page 1 Alphabetic symbol ordering
Relocatable symbols

.text 00000000

Symbol: .text
   Definitions
      At line 38 in file ssd.s
   Uses
      None
Comment: .text unused
BinarioToDigito 0000005C

Symbol: BinarioToDigito
   Definitions
      At line 120 in file ssd.s
   Uses
      At line 77 in file ssd.s
      At line 102 in file ssd.s

Digito_0 000000B4

Symbol: Digito_0
   Definitions
      At line 150 in file ssd.s
   Uses
      At line 41 in file ssd.s
      At line 123 in file ssd.s

Digito_1 000000CC

Symbol: Digito_1
   Definitions
      At line 164 in file ssd.s
   Uses
      At line 42 in file ssd.s
      At line 125 in file ssd.s

Digito_2 000000E4

Symbol: Digito_2
   Definitions
      At line 178 in file ssd.s
   Uses
      At line 43 in file ssd.s
      At line 127 in file ssd.s

Digito_3 000000FC

Symbol: Digito_3
   Definitions
      At line 192 in file ssd.s
   Uses
      At line 44 in file ssd.s
      At line 129 in file ssd.s

Digito_4 00000114

Symbol: Digito_4
   Definitions
      At line 206 in file ssd.s
   Uses



ARM Macro Assembler    Page 2 Alphabetic symbol ordering
Relocatable symbols

      At line 45 in file ssd.s
      At line 131 in file ssd.s

Digito_5 0000012C

Symbol: Digito_5
   Definitions
      At line 220 in file ssd.s
   Uses
      At line 46 in file ssd.s
      At line 133 in file ssd.s

Digito_6 00000144

Symbol: Digito_6
   Definitions
      At line 234 in file ssd.s
   Uses
      At line 47 in file ssd.s
      At line 135 in file ssd.s

Digito_7 0000015C

Symbol: Digito_7
   Definitions
      At line 248 in file ssd.s
   Uses
      At line 48 in file ssd.s
      At line 137 in file ssd.s

Digito_8 00000174

Symbol: Digito_8
   Definitions
      At line 262 in file ssd.s
   Uses
      At line 49 in file ssd.s
      At line 139 in file ssd.s

Digito_9 0000018C

Symbol: Digito_9
   Definitions
      At line 276 in file ssd.s
   Uses
      At line 50 in file ssd.s
      At line 141 in file ssd.s

Display_Dezena 00000000

Symbol: Display_Dezena
   Definitions
      At line 70 in file ssd.s
   Uses
      At line 51 in file ssd.s
Comment: Display_Dezena used once
Display_Unidade 0000002C

Symbol: Display_Unidade



ARM Macro Assembler    Page 3 Alphabetic symbol ordering
Relocatable symbols

   Definitions
      At line 94 in file ssd.s
   Uses
      At line 52 in file ssd.s
Comment: Display_Unidade used once
14 symbols



ARM Macro Assembler    Page 1 Alphabetic symbol ordering
Absolute symbols

DIG0_PA 00000030

Symbol: DIG0_PA
   Definitions
      At line 14 in file ssd.s
   Uses
      At line 154 in file ssd.s
Comment: DIG0_PA used once
DIG0_PQ 0000000F

Symbol: DIG0_PQ
   Definitions
      At line 13 in file ssd.s
   Uses
      At line 152 in file ssd.s
Comment: DIG0_PQ used once
DIG1_PA 00000000

Symbol: DIG1_PA
   Definitions
      At line 16 in file ssd.s
   Uses
      At line 168 in file ssd.s
Comment: DIG1_PA used once
DIG1_PQ 00000006

Symbol: DIG1_PQ
   Definitions
      At line 15 in file ssd.s
   Uses
      At line 166 in file ssd.s
Comment: DIG1_PQ used once
DIG2_PA 00000050

Symbol: DIG2_PA
   Definitions
      At line 18 in file ssd.s
   Uses
      At line 182 in file ssd.s
Comment: DIG2_PA used once
DIG2_PQ 0000000B

Symbol: DIG2_PQ
   Definitions
      At line 17 in file ssd.s
   Uses
      At line 180 in file ssd.s
Comment: DIG2_PQ used once
DIG3_PA 00000040

Symbol: DIG3_PA
   Definitions
      At line 20 in file ssd.s
   Uses
      At line 196 in file ssd.s
Comment: DIG3_PA used once
DIG3_PQ 0000000F

Symbol: DIG3_PQ



ARM Macro Assembler    Page 2 Alphabetic symbol ordering
Absolute symbols

   Definitions
      At line 19 in file ssd.s
   Uses
      At line 194 in file ssd.s
Comment: DIG3_PQ used once
DIG4_PA 00000060

Symbol: DIG4_PA
   Definitions
      At line 22 in file ssd.s
   Uses
      At line 210 in file ssd.s
Comment: DIG4_PA used once
DIG4_PQ 00000006

Symbol: DIG4_PQ
   Definitions
      At line 21 in file ssd.s
   Uses
      At line 208 in file ssd.s
Comment: DIG4_PQ used once
DIG5_PA 00000060

Symbol: DIG5_PA
   Definitions
      At line 24 in file ssd.s
   Uses
      At line 224 in file ssd.s
Comment: DIG5_PA used once
DIG5_PQ 0000000D

Symbol: DIG5_PQ
   Definitions
      At line 23 in file ssd.s
   Uses
      At line 222 in file ssd.s
Comment: DIG5_PQ used once
DIG6_PA 00000070

Symbol: DIG6_PA
   Definitions
      At line 26 in file ssd.s
   Uses
      At line 238 in file ssd.s
Comment: DIG6_PA used once
DIG6_PQ 0000000D

Symbol: DIG6_PQ
   Definitions
      At line 25 in file ssd.s
   Uses
      At line 236 in file ssd.s
Comment: DIG6_PQ used once
DIG7_PA 00000000

Symbol: DIG7_PA
   Definitions
      At line 28 in file ssd.s
   Uses



ARM Macro Assembler    Page 3 Alphabetic symbol ordering
Absolute symbols

      At line 252 in file ssd.s
Comment: DIG7_PA used once
DIG7_PQ 00000007

Symbol: DIG7_PQ
   Definitions
      At line 27 in file ssd.s
   Uses
      At line 250 in file ssd.s
Comment: DIG7_PQ used once
DIG8_PA 00000070

Symbol: DIG8_PA
   Definitions
      At line 30 in file ssd.s
   Uses
      At line 266 in file ssd.s
Comment: DIG8_PA used once
DIG8_PQ 0000000F

Symbol: DIG8_PQ
   Definitions
      At line 29 in file ssd.s
   Uses
      At line 264 in file ssd.s
Comment: DIG8_PQ used once
DIG9_PA 00000060

Symbol: DIG9_PA
   Definitions
      At line 32 in file ssd.s
   Uses
      At line 280 in file ssd.s
Comment: DIG9_PA used once
DIG9_PQ 00000007

Symbol: DIG9_PQ
   Definitions
      At line 31 in file ssd.s
   Uses
      At line 278 in file ssd.s
Comment: DIG9_PQ used once
20 symbols



ARM Macro Assembler    Page 1 Alphabetic symbol ordering
External symbols

PortA_Output 00000000

Symbol: PortA_Output
   Definitions
      At line 56 in file ssd.s
   Uses
      At line 155 in file ssd.s
      At line 169 in file ssd.s
      At line 183 in file ssd.s
      At line 197 in file ssd.s
      At line 211 in file ssd.s
      At line 225 in file ssd.s
      At line 239 in file ssd.s
      At line 253 in file ssd.s
      At line 267 in file ssd.s
      At line 281 in file ssd.s

PortB_Output 00000000

Symbol: PortB_Output
   Definitions
      At line 57 in file ssd.s
   Uses
      None
Comment: PortB_Output unused
PortP_Output 00000000

Symbol: PortP_Output
   Definitions
      At line 58 in file ssd.s
   Uses
      None
Comment: PortP_Output unused
PortQ_Output 00000000

Symbol: PortQ_Output
   Definitions
      At line 59 in file ssd.s
   Uses
      At line 153 in file ssd.s
      At line 167 in file ssd.s
      At line 181 in file ssd.s
      At line 195 in file ssd.s
      At line 209 in file ssd.s
      At line 223 in file ssd.s
      At line 237 in file ssd.s
      At line 251 in file ssd.s
      At line 265 in file ssd.s
      At line 279 in file ssd.s

SysTick_Wait1ms 00000000

Symbol: SysTick_Wait1ms
   Definitions
      At line 55 in file ssd.s
   Uses
      At line 80 in file ssd.s
      At line 85 in file ssd.s
      At line 105 in file ssd.s



ARM Macro Assembler    Page 2 Alphabetic symbol ordering
External symbols

      At line 110 in file ssd.s

Turn0ff_TransistorQ2 00000000

Symbol: Turn0ff_TransistorQ2
   Definitions
      At line 62 in file ssd.s
   Uses
      At line 82 in file ssd.s
Comment: Turn0ff_TransistorQ2 used once
Turn0ff_TransistorQ3 00000000

Symbol: Turn0ff_TransistorQ3
   Definitions
      At line 64 in file ssd.s
   Uses
      At line 107 in file ssd.s
Comment: Turn0ff_TransistorQ3 used once
Turn0n_TransistorQ2 00000000

Symbol: Turn0n_TransistorQ2
   Definitions
      At line 61 in file ssd.s
   Uses
      At line 72 in file ssd.s
Comment: Turn0n_TransistorQ2 used once
Turn0n_TransistorQ3 00000000

Symbol: Turn0n_TransistorQ3
   Definitions
      At line 63 in file ssd.s
   Uses
      At line 96 in file ssd.s
Comment: Turn0n_TransistorQ3 used once
9 symbols
377 symbols in table
