


ARM Macro Assembler    Page 1 


    1 00000000         ; teclado.s
    2 00000000         
    3 00000000         ; ------------------------------------------------------
                       -------------------------
    4 00000000                 THUMB                        ; Instruções do tip
                                                            o Thumb-2
    5 00000000         ; ------------------------------------------------------
                       -------------------------
    6 00000000         ; Declarações EQU - Defines
    7 00000000         
    8 00000000         
    9 00000000         
   10 00000000         
   11 00000000         
   12 00000000         ; ------------------------------------------------------
                       -------------------------
   13 00000000         ; Área de Código - Tudo abaixo da diretiva a seguir será
                        armazenado na memória de 
   14 00000000         ;                  código
   15 00000000                 AREA             |.text|, CODE, READONLY, ALIGN=
2
   16 00000000         
   17 00000000                 IMPORT           Teclado_ConfiguraLeituraPrimeir
aColuna
   18 00000000                 IMPORT           Teclado_ConfiguraLeituraSegunda
Coluna
   19 00000000                 IMPORT           Teclado_ConfiguraLeituraTerceir
aColuna
   20 00000000                 IMPORT           Teclado_ConfiguraLeituraQuartaC
oluna
   21 00000000         
   22 00000000         ; Se alguma função do arquivo for chamada em outro arqui
                       vo 
   23 00000000                 IMPORT           PortL_Input
   24 00000000                 IMPORT           SysTick_Wait1ms
   25 00000000         
   26 00000000                 EXPORT           Teclado_PegarTeclaPressionada
   27 00000000         
   28 00000000         
   29 00000000         ;-------------------------------------------------------
                       -------------------------
   30 00000000         ; Teclado_PegarTeclaPressionada
   31 00000000         ; Varre o teclado e pega a tecla pressionada
   32 00000000         ; Parâmetro de entrada: Não tem
   33 00000000         ; Parâmetro de saída: R0 (ASCII da tecla pressionada ou 
                       0xFF)
   34 00000000         Teclado_PegarTeclaPressionada
   35 00000000 B500            PUSH{LR}
   36 00000002         
   37 00000002 F000 F813       BL               Teclado_LerPrimeiraColuna
   38 00000006 28FF            CMP              R0, #0xFF
   39 00000008 D10D            BNE              Fim_Teclado_PegarTeclaPressiona
da
   40 0000000A         
   41 0000000A F000 F83B       BL               Teclado_LerSegundaColuna
   42 0000000E 28FF            CMP              R0, #0xFF
   43 00000010 D109            BNE              Fim_Teclado_PegarTeclaPressiona
da
   44 00000012         



ARM Macro Assembler    Page 2 


   45 00000012 F000 F863       BL               Teclado_LerTerceiraColuna
   46 00000016 28FF            CMP              R0, #0xFF
   47 00000018 D105            BNE              Fim_Teclado_PegarTeclaPressiona
da
   48 0000001A         
   49 0000001A F000 F88B       BL               Teclado_LerQuartaColuna
   50 0000001E 28FF            CMP              R0, #0xFF
   51 00000020 D101            BNE              Fim_Teclado_PegarTeclaPressiona
da
   52 00000022         
   53 00000022 F04F 00FF       MOV              R0, #0xFF
   54 00000026         Fim_Teclado_PegarTeclaPressionada
   55 00000026 F85D EB04       POP{LR}
   56 0000002A 4770            BX               LR
   57 0000002C         
   58 0000002C         ;-------------------------------------------------------
                       -------------------------
   59 0000002C         ; Teclado_LerPrimeiraColuna
   60 0000002C         ; Varre a coluna 1 e pega a tecla pressionada
   61 0000002C         ; Parâmetro de entrada: Não tem
   62 0000002C         ; Parâmetro de saída: R0 (ASCII da tecla pressionada ou 
                       0xFF)
   63 0000002C         Teclado_LerPrimeiraColuna
   64 0000002C B500            PUSH{LR}
   65 0000002E F7FF FFFE       BL               Teclado_ConfiguraLeituraPrimeir
aColuna
   66 00000032 F7FF FFFE       BL               PortL_Input
   67 00000036         
   68 00000036         ; Linha 1
   69 00000036 4601            MOV              R1, R0
   70 00000038 F001 0101       AND              R1, #2_0001
   71 0000003C 2900            CMP              R1, #2_0000
   72 0000003E F04F 0501       MOV              R5, #1
   73 00000042 D017            BEQ              PrimeiraColunaTemTeclaPressiona
da
   74 00000044         
   75 00000044         ; Linha 2
   76 00000044 4601            MOV              R1, R0
   77 00000046 F001 0102       AND              R1, #2_0010
   78 0000004A 2900            CMP              R1, #2_0000
   79 0000004C F04F 0504       MOV              R5, #4
   80 00000050 D010            BEQ              PrimeiraColunaTemTeclaPressiona
da
   81 00000052         
   82 00000052         ; Linha 3
   83 00000052 4601            MOV              R1, R0
   84 00000054 F001 0104       AND              R1, #2_0100
   85 00000058 2900            CMP              R1, #2_0000
   86 0000005A F04F 0507       MOV              R5, #7
   87 0000005E D009            BEQ              PrimeiraColunaTemTeclaPressiona
da
   88 00000060         
   89 00000060         ; Linha 4
   90 00000060 4601            MOV              R1, R0
   91 00000062 F001 0108       AND              R1, #2_1000
   92 00000066 2900            CMP              R1, #2_0000
   93 00000068 F04F 050E       MOV              R5, #14     ; asterisco
   94 0000006C D002            BEQ              PrimeiraColunaTemTeclaPressiona
da



ARM Macro Assembler    Page 3 


   95 0000006E         
   96 0000006E F04F 00FF       MOV              R0, #0xFF
   97 00000072 E004            B                Fim_Teclado_LerPrimeiraColuna
   98 00000074         
   99 00000074         PrimeiraColunaTemTeclaPressionada
  100 00000074         ;debounce
  101 00000074 F44F 70FA       MOV              R0, #500
  102 00000078 F7FF FFFE       BL               SysTick_Wait1ms
  103 0000007C         
  104 0000007C 4628            MOV              R0, R5
  105 0000007E         
  106 0000007E         Fim_Teclado_LerPrimeiraColuna
  107 0000007E F85D EB04       POP{LR}
  108 00000082 4770            BX               LR
  109 00000084         
  110 00000084         ;-------------------------------------------------------
                       -------------------------
  111 00000084         ; Teclado_LerSegundaColuna
  112 00000084         ; Varre a coluna 2 e pega a tecla pressionada
  113 00000084         ; Parâmetro de entrada: Não tem
  114 00000084         ; Parâmetro de saída: R0 (ASCII da tecla pressionada ou 
                       0xFF)
  115 00000084         Teclado_LerSegundaColuna
  116 00000084 B500            PUSH{LR}
  117 00000086 F7FF FFFE       BL               Teclado_ConfiguraLeituraSegunda
Coluna
  118 0000008A F7FF FFFE       BL               PortL_Input
  119 0000008E         
  120 0000008E         ; Linha 1
  121 0000008E 4601            MOV              R1, R0
  122 00000090 F001 0101       AND              R1, #2_0001
  123 00000094 2900            CMP              R1, #2_0000
  124 00000096 F04F 0502       MOV              R5, #2
  125 0000009A D017            BEQ              SegundaColunaTemTeclaPressionad
a
  126 0000009C         
  127 0000009C         ; Linha 2
  128 0000009C 4601            MOV              R1, R0
  129 0000009E F001 0102       AND              R1, #2_0010
  130 000000A2 2900            CMP              R1, #2_0000
  131 000000A4 F04F 0505       MOV              R5, #5
  132 000000A8 D010            BEQ              SegundaColunaTemTeclaPressionad
a
  133 000000AA         
  134 000000AA         ; Linha 3
  135 000000AA 4601            MOV              R1, R0
  136 000000AC F001 0104       AND              R1, #2_0100
  137 000000B0 2900            CMP              R1, #2_0000
  138 000000B2 F04F 0508       MOV              R5, #8
  139 000000B6 D009            BEQ              SegundaColunaTemTeclaPressionad
a
  140 000000B8         
  141 000000B8         ; Linha 4
  142 000000B8 4601            MOV              R1, R0
  143 000000BA F001 0108       AND              R1, #2_1000
  144 000000BE 2900            CMP              R1, #2_0000
  145 000000C0 F04F 0500       MOV              R5, #0
  146 000000C4 D002            BEQ              SegundaColunaTemTeclaPressionad
a



ARM Macro Assembler    Page 4 


  147 000000C6         
  148 000000C6 F04F 00FF       MOV              R0, #0xFF
  149 000000CA E004            B                Fim_Teclado_LerSegundaColuna
  150 000000CC         
  151 000000CC         SegundaColunaTemTeclaPressionada
  152 000000CC         ;debounce
  153 000000CC F44F 70FA       MOV              R0, #500
  154 000000D0 F7FF FFFE       BL               SysTick_Wait1ms
  155 000000D4         
  156 000000D4 4628            MOV              R0, R5
  157 000000D6         
  158 000000D6         Fim_Teclado_LerSegundaColuna
  159 000000D6 F85D EB04       POP{LR}
  160 000000DA 4770            BX               LR
  161 000000DC         
  162 000000DC         ;-------------------------------------------------------
                       -------------------------
  163 000000DC         ; Teclado_LerTerceiraColuna
  164 000000DC         ; Varre a coluna 3 e pega a tecla pressionada
  165 000000DC         ; Parâmetro de entrada: Não tem
  166 000000DC         ; Parâmetro de saída: R0 (ASCII da tecla pressionada ou 
                       0xFF)
  167 000000DC         Teclado_LerTerceiraColuna
  168 000000DC B500            PUSH{LR}
  169 000000DE F7FF FFFE       BL               Teclado_ConfiguraLeituraTerceir
aColuna
  170 000000E2 F7FF FFFE       BL               PortL_Input
  171 000000E6         
  172 000000E6         ; Linha 1
  173 000000E6 4601            MOV              R1, R0
  174 000000E8 F001 0101       AND              R1, #2_0001
  175 000000EC 2900            CMP              R1, #2_0000
  176 000000EE F04F 0503       MOV              R5, #3
  177 000000F2 D017            BEQ              TerceiraColunaTemTeclaPressiona
da
  178 000000F4         
  179 000000F4         ; Linha 2
  180 000000F4 4601            MOV              R1, R0
  181 000000F6 F001 0102       AND              R1, #2_0010
  182 000000FA 2900            CMP              R1, #2_0000
  183 000000FC F04F 0506       MOV              R5, #6
  184 00000100 D010            BEQ              TerceiraColunaTemTeclaPressiona
da
  185 00000102         
  186 00000102         ; Linha 3
  187 00000102 4601            MOV              R1, R0
  188 00000104 F001 0104       AND              R1, #2_0100
  189 00000108 2900            CMP              R1, #2_0000
  190 0000010A F04F 0509       MOV              R5, #9
  191 0000010E D009            BEQ              TerceiraColunaTemTeclaPressiona
da
  192 00000110         
  193 00000110         ; Linha 4
  194 00000110 4601            MOV              R1, R0
  195 00000112 F001 0108       AND              R1, #2_1000
  196 00000116 2900            CMP              R1, #2_0000
  197 00000118 F04F 050F       MOV              R5, #15     ; hashtag
  198 0000011C D002            BEQ              TerceiraColunaTemTeclaPressiona
da



ARM Macro Assembler    Page 5 


  199 0000011E         
  200 0000011E F04F 00FF       MOV              R0, #0xFF
  201 00000122 E004            B                Fim_Teclado_LerTerceiraColuna
  202 00000124         
  203 00000124         TerceiraColunaTemTeclaPressionada
  204 00000124         ;debounce
  205 00000124 F44F 70FA       MOV              R0, #500
  206 00000128 F7FF FFFE       BL               SysTick_Wait1ms
  207 0000012C         
  208 0000012C 4628            MOV              R0, R5
  209 0000012E         
  210 0000012E         Fim_Teclado_LerTerceiraColuna
  211 0000012E F85D EB04       POP{LR}
  212 00000132 4770            BX               LR
  213 00000134         
  214 00000134         ;-------------------------------------------------------
                       -------------------------
  215 00000134         ; Teclado_LerQuartaColuna
  216 00000134         ; Varre a coluna 4 e pega a tecla pressionada
  217 00000134         ; Parâmetro de entrada: Não tem
  218 00000134         ; Parâmetro de saída: R0 (ASCII da tecla pressionada ou 
                       0xFF)
  219 00000134         Teclado_LerQuartaColuna
  220 00000134 B500            PUSH{LR}
  221 00000136 F7FF FFFE       BL               Teclado_ConfiguraLeituraQuartaC
oluna
  222 0000013A F7FF FFFE       BL               PortL_Input
  223 0000013E         
  224 0000013E         ; Linha 1
  225 0000013E 4601            MOV              R1, R0
  226 00000140 F001 0101       AND              R1, #2_0001
  227 00000144 2900            CMP              R1, #2_0000
  228 00000146 F04F 050A       MOV              R5, #10     ; A
  229 0000014A D017            BEQ              QuartaColunaTemTeclaPressionada
  230 0000014C         
  231 0000014C         ; Linha 2
  232 0000014C 4601            MOV              R1, R0
  233 0000014E F001 0102       AND              R1, #2_0010
  234 00000152 2900            CMP              R1, #2_0000
  235 00000154 F04F 050B       MOV              R5, #11     ; B
  236 00000158 D010            BEQ              QuartaColunaTemTeclaPressionada
  237 0000015A         
  238 0000015A         ; Linha 3
  239 0000015A 4601            MOV              R1, R0
  240 0000015C F001 0104       AND              R1, #2_0100
  241 00000160 2900            CMP              R1, #2_0000
  242 00000162 F04F 050C       MOV              R5, #12     ; C
  243 00000166 D009            BEQ              QuartaColunaTemTeclaPressionada
  244 00000168         
  245 00000168         ; Linha 4
  246 00000168 4601            MOV              R1, R0
  247 0000016A F001 0108       AND              R1, #2_1000
  248 0000016E 2900            CMP              R1, #2_0000
  249 00000170 F04F 050D       MOV              R5, #13     ; D
  250 00000174 D002            BEQ              QuartaColunaTemTeclaPressionada
  251 00000176         
  252 00000176 F04F 00FF       MOV              R0, #0xFF
  253 0000017A E004            B                Fim_Teclado_LerQuartaColuna
  254 0000017C         



ARM Macro Assembler    Page 6 


  255 0000017C         QuartaColunaTemTeclaPressionada
  256 0000017C         ;debounce
  257 0000017C F44F 70FA       MOV              R0, #500
  258 00000180 F7FF FFFE       BL               SysTick_Wait1ms
  259 00000184         
  260 00000184 4628            MOV              R0, R5
  261 00000186         
  262 00000186         Fim_Teclado_LerQuartaColuna
  263 00000186 F85D EB04       POP{LR}
  264 0000018A 4770            BX               LR
  265 0000018C         
  266 0000018C         
  267 0000018C                 ALIGN                        ; garante que o fim
                                                             da seção está alin
                                                            hada 
  268 0000018C                 END                          ; fim do arquivo
Command Line: --debug --xref --diag_suppress=9931 --cpu=Cortex-M4.fp.sp --apcs=
interwork --depend=.\objects\teclado.d -o.\objects\teclado.o -IC:\Users\admin\A
ppData\Local\Arm\Packs\Keil\TM4C_DFP\1.1.0\Device\Include\TM4C129 --predefine="
__EVAL SETA 1" --predefine="__UVISION_VERSION SETA 536" --predefine="TM4C1294NC
PDT SETA 1" --list=.\listings\teclado.lst teclado.s



ARM Macro Assembler    Page 1 Alphabetic symbol ordering
Relocatable symbols

.text 00000000

Symbol: .text
   Definitions
      At line 15 in file teclado.s
   Uses
      None
Comment: .text unused
Fim_Teclado_LerPrimeiraColuna 0000007E

Symbol: Fim_Teclado_LerPrimeiraColuna
   Definitions
      At line 106 in file teclado.s
   Uses
      At line 97 in file teclado.s
Comment: Fim_Teclado_LerPrimeiraColuna used once
Fim_Teclado_LerQuartaColuna 00000186

Symbol: Fim_Teclado_LerQuartaColuna
   Definitions
      At line 262 in file teclado.s
   Uses
      At line 253 in file teclado.s
Comment: Fim_Teclado_LerQuartaColuna used once
Fim_Teclado_LerSegundaColuna 000000D6

Symbol: Fim_Teclado_LerSegundaColuna
   Definitions
      At line 158 in file teclado.s
   Uses
      At line 149 in file teclado.s
Comment: Fim_Teclado_LerSegundaColuna used once
Fim_Teclado_LerTerceiraColuna 0000012E

Symbol: Fim_Teclado_LerTerceiraColuna
   Definitions
      At line 210 in file teclado.s
   Uses
      At line 201 in file teclado.s
Comment: Fim_Teclado_LerTerceiraColuna used once
Fim_Teclado_PegarTeclaPressionada 00000026

Symbol: Fim_Teclado_PegarTeclaPressionada
   Definitions
      At line 54 in file teclado.s
   Uses
      At line 39 in file teclado.s
      At line 43 in file teclado.s
      At line 47 in file teclado.s
      At line 51 in file teclado.s

PrimeiraColunaTemTeclaPressionada 00000074

Symbol: PrimeiraColunaTemTeclaPressionada
   Definitions
      At line 99 in file teclado.s
   Uses
      At line 73 in file teclado.s
      At line 80 in file teclado.s



ARM Macro Assembler    Page 2 Alphabetic symbol ordering
Relocatable symbols

      At line 87 in file teclado.s
      At line 94 in file teclado.s

QuartaColunaTemTeclaPressionada 0000017C

Symbol: QuartaColunaTemTeclaPressionada
   Definitions
      At line 255 in file teclado.s
   Uses
      At line 229 in file teclado.s
      At line 236 in file teclado.s
      At line 243 in file teclado.s
      At line 250 in file teclado.s

SegundaColunaTemTeclaPressionada 000000CC

Symbol: SegundaColunaTemTeclaPressionada
   Definitions
      At line 151 in file teclado.s
   Uses
      At line 125 in file teclado.s
      At line 132 in file teclado.s
      At line 139 in file teclado.s
      At line 146 in file teclado.s

Teclado_LerPrimeiraColuna 0000002C

Symbol: Teclado_LerPrimeiraColuna
   Definitions
      At line 63 in file teclado.s
   Uses
      At line 37 in file teclado.s
Comment: Teclado_LerPrimeiraColuna used once
Teclado_LerQuartaColuna 00000134

Symbol: Teclado_LerQuartaColuna
   Definitions
      At line 219 in file teclado.s
   Uses
      At line 49 in file teclado.s
Comment: Teclado_LerQuartaColuna used once
Teclado_LerSegundaColuna 00000084

Symbol: Teclado_LerSegundaColuna
   Definitions
      At line 115 in file teclado.s
   Uses
      At line 41 in file teclado.s
Comment: Teclado_LerSegundaColuna used once
Teclado_LerTerceiraColuna 000000DC

Symbol: Teclado_LerTerceiraColuna
   Definitions
      At line 167 in file teclado.s
   Uses
      At line 45 in file teclado.s
Comment: Teclado_LerTerceiraColuna used once
Teclado_PegarTeclaPressionada 00000000




ARM Macro Assembler    Page 3 Alphabetic symbol ordering
Relocatable symbols

Symbol: Teclado_PegarTeclaPressionada
   Definitions
      At line 34 in file teclado.s
   Uses
      At line 26 in file teclado.s
Comment: Teclado_PegarTeclaPressionada used once
TerceiraColunaTemTeclaPressionada 00000124

Symbol: TerceiraColunaTemTeclaPressionada
   Definitions
      At line 203 in file teclado.s
   Uses
      At line 177 in file teclado.s
      At line 184 in file teclado.s
      At line 191 in file teclado.s
      At line 198 in file teclado.s

15 symbols



ARM Macro Assembler    Page 1 Alphabetic symbol ordering
External symbols

PortL_Input 00000000

Symbol: PortL_Input
   Definitions
      At line 23 in file teclado.s
   Uses
      At line 66 in file teclado.s
      At line 118 in file teclado.s
      At line 170 in file teclado.s
      At line 222 in file teclado.s

SysTick_Wait1ms 00000000

Symbol: SysTick_Wait1ms
   Definitions
      At line 24 in file teclado.s
   Uses
      At line 102 in file teclado.s
      At line 154 in file teclado.s
      At line 206 in file teclado.s
      At line 258 in file teclado.s

Teclado_ConfiguraLeituraPrimeiraColuna 00000000

Symbol: Teclado_ConfiguraLeituraPrimeiraColuna
   Definitions
      At line 17 in file teclado.s
   Uses
      At line 65 in file teclado.s
Comment: Teclado_ConfiguraLeituraPrimeiraColuna used once
Teclado_ConfiguraLeituraQuartaColuna 00000000

Symbol: Teclado_ConfiguraLeituraQuartaColuna
   Definitions
      At line 20 in file teclado.s
   Uses
      At line 221 in file teclado.s
Comment: Teclado_ConfiguraLeituraQuartaColuna used once
Teclado_ConfiguraLeituraSegundaColuna 00000000

Symbol: Teclado_ConfiguraLeituraSegundaColuna
   Definitions
      At line 18 in file teclado.s
   Uses
      At line 117 in file teclado.s
Comment: Teclado_ConfiguraLeituraSegundaColuna used once
Teclado_ConfiguraLeituraTerceiraColuna 00000000

Symbol: Teclado_ConfiguraLeituraTerceiraColuna
   Definitions
      At line 19 in file teclado.s
   Uses
      At line 169 in file teclado.s
Comment: Teclado_ConfiguraLeituraTerceiraColuna used once
6 symbols
355 symbols in table
