


ARM Macro Assembler    Page 1 


    1 00000000         ; ssd.s
    2 00000000         ; Desenvolvido para a placa EK-TM4C1294XL
    3 00000000         
    4 00000000         ; ------------------------------------------------------
                       -------------------------
    5 00000000                 THUMB                        ; Instruções do tip
                                                            o Thumb-2
    6 00000000         ; ------------------------------------------------------
                       -------------------------
    7 00000000         ; Declarações EQU - Defines
    8 00000000         ; ========================
    9 00000000         ; Portas usadas para cada transistor
   10 00000000 00000020 
                       TRANSISTOR_Q1
                               EQU              2_00100000
   11 00000000         
   12 00000000         ; ------------------------------------------------------
                       -------------------------
   13 00000000         ; Área de Código - Tudo abaixo da diretiva a seguir será
                        armazenado na memória de 
   14 00000000         ;                  código
   15 00000000                 AREA             |.text|, CODE, READONLY, ALIGN=
2
   16 00000000         
   17 00000000         ; Se alguma função do arquivo for chamada em outro arqui
                       vo 
   18 00000000                 EXPORT           Turn0n_TransistorQ1 ; Permite c
                                                            hamar Turn0n_Transi
                                                            storQ1 de outro arq
                                                            uivo
   19 00000000                 EXPORT           Turn0ff_TransistorQ1 ; Permite 
                                                            chamar Turn0ff_Tran
                                                            sistorQ1 de outro a
                                                            rquivo
   20 00000000         
   21 00000000         ; Se chamar alguma função externa 
   22 00000000                 IMPORT           PortP_Output
   23 00000000         
   24 00000000         ; Função Turn0n_TransistorQ1
   25 00000000         ; Parâmetro de entrada: Não tem
   26 00000000         ; Parâmetro de saída: Não tem
   27 00000000         *********************************
   28 00000000         Turn0n_TransistorQ1
   29 00000000 B500            PUSH             {LR}
   30 00000002 F04F 0020       MOV              R0, #TRANSISTOR_Q1 ; Setar o pa
                                                            râmetro de entrada 
                                                            da função setando o
                                                             bit P5
   31 00000006 F7FF FFFE       BL               PortP_Output ; Chamar a função 
                                                            para setar a entrad
                                                            a do transistor Q1
   32 0000000A F85D EB04       POP              {LR}
   33 0000000E 4770            BX               LR
   34 00000010         
   35 00000010         ; Função Turn0ff_TransistorQ1
   36 00000010         ; Parâmetro de entrada: Não tem
   37 00000010         ; Parâmetro de saída: Não tem
   38 00000010         *********************************
   39 00000010         Turn0ff_TransistorQ1



ARM Macro Assembler    Page 2 


   40 00000010 B500            PUSH             {LR}
   41 00000012 F04F 0000       MOV              R0, #2_00000000 ; Setar o parâm
                                                            etro de entrada da 
                                                            função apagando o b
                                                            it P5
   42 00000016 F7FF FFFE       BL               PortP_Output ; Chamar a função 
                                                            para resetar a entr
                                                            ada do transistor Q
                                                            1
   43 0000001A F85D EB04       POP              {LR}
   44 0000001E 4770            BX               LR
   45 00000020         
   46 00000020                 ALIGN                        ; garante que o fim
                                                             da seção está alin
                                                            hada 
   47 00000020                 END                          ; fim do arquivo
Command Line: --debug --xref --diag_suppress=9931 --cpu=Cortex-M4.fp.sp --apcs=
interwork --depend=.\objects\transistors.d -o.\objects\transistors.o -IC:\Users
\admin\AppData\Local\Arm\Packs\Keil\TM4C_DFP\1.1.0\Device\Include\TM4C129 --pre
define="__EVAL SETA 1" --predefine="__UVISION_VERSION SETA 536" --predefine="TM
4C1294NCPDT SETA 1" --list=.\listings\transistors.lst transistors.s



ARM Macro Assembler    Page 1 Alphabetic symbol ordering
Relocatable symbols

.text 00000000

Symbol: .text
   Definitions
      At line 15 in file transistors.s
   Uses
      None
Comment: .text unused
Turn0ff_TransistorQ1 00000010

Symbol: Turn0ff_TransistorQ1
   Definitions
      At line 39 in file transistors.s
   Uses
      At line 19 in file transistors.s
Comment: Turn0ff_TransistorQ1 used once
Turn0n_TransistorQ1 00000000

Symbol: Turn0n_TransistorQ1
   Definitions
      At line 28 in file transistors.s
   Uses
      At line 18 in file transistors.s
Comment: Turn0n_TransistorQ1 used once
3 symbols



ARM Macro Assembler    Page 1 Alphabetic symbol ordering
Absolute symbols

TRANSISTOR_Q1 00000020

Symbol: TRANSISTOR_Q1
   Definitions
      At line 10 in file transistors.s
   Uses
      At line 30 in file transistors.s
Comment: TRANSISTOR_Q1 used once
1 symbol



ARM Macro Assembler    Page 1 Alphabetic symbol ordering
External symbols

PortP_Output 00000000

Symbol: PortP_Output
   Definitions
      At line 22 in file transistors.s
   Uses
      At line 31 in file transistors.s
      At line 42 in file transistors.s

1 symbol
339 symbols in table
